Archive member included to satisfy reference by file (symbol)

/Applications/STM32CubeIDE.app/Contents/Eclipse/plugins/com.st.stm32cube.ide.mcu.externaltools.gnu-tools-for-stm32.10.3-2021.10.macos64_1.0.0.202111181127/tools/bin/../lib/gcc/arm-none-eabi/10.3.1/../../../../arm-none-eabi/lib/thumb/v7e-m+fp/hard/libc_nano.a(lib_a-errno.o)
                              ./Core/Src/syscalls.o (__errno)
/Applications/STM32CubeIDE.app/Contents/Eclipse/plugins/com.st.stm32cube.ide.mcu.externaltools.gnu-tools-for-stm32.10.3-2021.10.macos64_1.0.0.202111181127/tools/bin/../lib/gcc/arm-none-eabi/10.3.1/../../../../arm-none-eabi/lib/thumb/v7e-m+fp/hard/libc_nano.a(lib_a-exit.o)
                              /Applications/STM32CubeIDE.app/Contents/Eclipse/plugins/com.st.stm32cube.ide.mcu.externaltools.gnu-tools-for-stm32.10.3-2021.10.macos64_1.0.0.202111181127/tools/bin/../lib/gcc/arm-none-eabi/10.3.1/../../../../arm-none-eabi/lib/thumb/v7e-m+fp/hard/crt0.o (exit)
/Applications/STM32CubeIDE.app/Contents/Eclipse/plugins/com.st.stm32cube.ide.mcu.externaltools.gnu-tools-for-stm32.10.3-2021.10.macos64_1.0.0.202111181127/tools/bin/../lib/gcc/arm-none-eabi/10.3.1/../../../../arm-none-eabi/lib/thumb/v7e-m+fp/hard/libc_nano.a(lib_a-impure.o)
                              /Applications/STM32CubeIDE.app/Contents/Eclipse/plugins/com.st.stm32cube.ide.mcu.externaltools.gnu-tools-for-stm32.10.3-2021.10.macos64_1.0.0.202111181127/tools/bin/../lib/gcc/arm-none-eabi/10.3.1/../../../../arm-none-eabi/lib/thumb/v7e-m+fp/hard/libc_nano.a(lib_a-exit.o) (_global_impure_ptr)
/Applications/STM32CubeIDE.app/Contents/Eclipse/plugins/com.st.stm32cube.ide.mcu.externaltools.gnu-tools-for-stm32.10.3-2021.10.macos64_1.0.0.202111181127/tools/bin/../lib/gcc/arm-none-eabi/10.3.1/../../../../arm-none-eabi/lib/thumb/v7e-m+fp/hard/libc_nano.a(lib_a-init.o)
                              /Applications/STM32CubeIDE.app/Contents/Eclipse/plugins/com.st.stm32cube.ide.mcu.externaltools.gnu-tools-for-stm32.10.3-2021.10.macos64_1.0.0.202111181127/tools/bin/../lib/gcc/arm-none-eabi/10.3.1/../../../../arm-none-eabi/lib/thumb/v7e-m+fp/hard/crt0.o (__libc_init_array)
/Applications/STM32CubeIDE.app/Contents/Eclipse/plugins/com.st.stm32cube.ide.mcu.externaltools.gnu-tools-for-stm32.10.3-2021.10.macos64_1.0.0.202111181127/tools/bin/../lib/gcc/arm-none-eabi/10.3.1/../../../../arm-none-eabi/lib/thumb/v7e-m+fp/hard/libc_nano.a(lib_a-memset.o)
                              /Applications/STM32CubeIDE.app/Contents/Eclipse/plugins/com.st.stm32cube.ide.mcu.externaltools.gnu-tools-for-stm32.10.3-2021.10.macos64_1.0.0.202111181127/tools/bin/../lib/gcc/arm-none-eabi/10.3.1/../../../../arm-none-eabi/lib/thumb/v7e-m+fp/hard/crt0.o (memset)
/Applications/STM32CubeIDE.app/Contents/Eclipse/plugins/com.st.stm32cube.ide.mcu.externaltools.gnu-tools-for-stm32.10.3-2021.10.macos64_1.0.0.202111181127/tools/bin/../lib/gcc/arm-none-eabi/10.3.1/../../../../arm-none-eabi/lib/thumb/v7e-m+fp/hard/libc_nano.a(lib_a-perror.o)
                              ./Core/Src/printf.o (perror)
/Applications/STM32CubeIDE.app/Contents/Eclipse/plugins/com.st.stm32cube.ide.mcu.externaltools.gnu-tools-for-stm32.10.3-2021.10.macos64_1.0.0.202111181127/tools/bin/../lib/gcc/arm-none-eabi/10.3.1/../../../../arm-none-eabi/lib/thumb/v7e-m+fp/hard/libc_nano.a(lib_a-strcmp.o)
                              ./Core/Src/commandHandler.o (strcmp)
/Applications/STM32CubeIDE.app/Contents/Eclipse/plugins/com.st.stm32cube.ide.mcu.externaltools.gnu-tools-for-stm32.10.3-2021.10.macos64_1.0.0.202111181127/tools/bin/../lib/gcc/arm-none-eabi/10.3.1/../../../../arm-none-eabi/lib/thumb/v7e-m+fp/hard/libc_nano.a(lib_a-strerror.o)
                              /Applications/STM32CubeIDE.app/Contents/Eclipse/plugins/com.st.stm32cube.ide.mcu.externaltools.gnu-tools-for-stm32.10.3-2021.10.macos64_1.0.0.202111181127/tools/bin/../lib/gcc/arm-none-eabi/10.3.1/../../../../arm-none-eabi/lib/thumb/v7e-m+fp/hard/libc_nano.a(lib_a-perror.o) (_strerror_r)
/Applications/STM32CubeIDE.app/Contents/Eclipse/plugins/com.st.stm32cube.ide.mcu.externaltools.gnu-tools-for-stm32.10.3-2021.10.macos64_1.0.0.202111181127/tools/bin/../lib/gcc/arm-none-eabi/10.3.1/../../../../arm-none-eabi/lib/thumb/v7e-m+fp/hard/libc_nano.a(lib_a-strlen.o)
                              /Applications/STM32CubeIDE.app/Contents/Eclipse/plugins/com.st.stm32cube.ide.mcu.externaltools.gnu-tools-for-stm32.10.3-2021.10.macos64_1.0.0.202111181127/tools/bin/../lib/gcc/arm-none-eabi/10.3.1/../../../../arm-none-eabi/lib/thumb/v7e-m+fp/hard/libc_nano.a(lib_a-perror.o) (strlen)
/Applications/STM32CubeIDE.app/Contents/Eclipse/plugins/com.st.stm32cube.ide.mcu.externaltools.gnu-tools-for-stm32.10.3-2021.10.macos64_1.0.0.202111181127/tools/bin/../lib/gcc/arm-none-eabi/10.3.1/../../../../arm-none-eabi/lib/thumb/v7e-m+fp/hard/libc_nano.a(lib_a-u_strerr.o)
[...]
Memory Configuration

Name             Origin             Length             Attributes
RAM              0x0000000020000000 0x0000000000018000 xrw
RAM2             0x0000000010000000 0x0000000000008000 xrw
FLASH            0x0000000008000000 0x0000000000100000 xr
*default*        0x0000000000000000 0xffffffffffffffff

Linker script and memory map

LOAD /Applications/STM32CubeIDE.app/Contents/Eclipse/plugins/com.st.stm32cube.ide.mcu.externaltools.gnu-tools-for-stm32.10.3-2021.10.macos64_1.0.0.202111181127/tools/bin/../lib/gcc/arm-none-eabi/10.3.1/thumb/v7e-m+fp/hard/crti.o
LOAD /Applications/STM32CubeIDE.app/Contents/Eclipse/plugins/com.st.stm32cube.ide.mcu.externaltools.gnu-tools-for-stm32.10.3-2021.10.macos64_1.0.0.202111181127/tools/bin/../lib/gcc/arm-none-eabi/10.3.1/thumb/v7e-m+fp/hard/crtbegin.o
LOAD /Applications/STM32CubeIDE.app/Contents/Eclipse/plugins/com.st.stm32cube.ide.mcu.externaltools.gnu-tools-for-stm32.10.3-2021.10.macos64_1.0.0.202111181127/tools/bin/../lib/gcc/arm-none-eabi/10.3.1/../../../../arm-none-eabi/lib/thumb/v7e-m+fp/hard/crt0.o
LOAD ./Core/Src/GPIO.o
LOAD ./Core/Src/LED.o
LOAD ./Core/Src/SysClock.o
LOAD ./Core/Src/UART.o
LOAD ./Core/Src/adc.o
LOAD ./Core/Src/adc_demo.o
LOAD ./Core/Src/commandHandler.o
LOAD ./Core/Src/commands.o
LOAD ./Core/Src/converter.o
LOAD ./Core/Src/dac.o
LOAD ./Core/Src/demo.o
LOAD ./Core/Src/inputHandler.o
LOAD ./Core/Src/main.o
LOAD ./Core/Src/printf.o
LOAD ./Core/Src/songParser.o
LOAD ./Core/Src/syscalls.o
LOAD ./Core/Src/sysmem.o
LOAD ./Core/Src/system_stm32l4xx.o
LOAD ./Core/Src/tone.o
LOAD ./Core/Startup/startup_stm32l476rgtx.o
LOAD ./Drivers/STM32L4xx_HAL_Driver/Src/stm32l4xx_hal.o
LOAD ./Drivers/STM32L4xx_HAL_Driver/Src/stm32l4xx_hal_adc.o
LOAD ./Drivers/STM32L4xx_HAL_Driver/Src/stm32l4xx_hal_adc_ex.o
LOAD ./Drivers/STM32L4xx_HAL_Driver/Src/stm32l4xx_hal_cortex.o
LOAD ./Drivers/STM32L4xx_HAL_Driver/Src/stm32l4xx_hal_dac.o
LOAD ./Drivers/STM32L4xx_HAL_Driver/Src/stm32l4xx_hal_dac_ex.o
LOAD ./Drivers/STM32L4xx_HAL_Driver/Src/stm32l4xx_hal_dma.o
LOAD ./Drivers/STM32L4xx_HAL_Driver/Src/stm32l4xx_hal_dma_ex.o
LOAD ./Drivers/STM32L4xx_HAL_Driver/Src/stm32l4xx_hal_exti.o
LOAD ./Drivers/STM32L4xx_HAL_Driver/Src/stm32l4xx_hal_flash.o
LOAD ./Drivers/STM32L4xx_HAL_Driver/Src/stm32l4xx_hal_flash_ex.o
LOAD ./Drivers/STM32L4xx_HAL_Driver/Src/stm32l4xx_hal_flash_ramfunc.o
LOAD ./Drivers/STM32L4xx_HAL_Driver/Src/stm32l4xx_hal_gpio.o
LOAD ./Drivers/STM32L4xx_HAL_Driver/Src/stm32l4xx_hal_i2c.o
LOAD ./Drivers/STM32L4xx_HAL_Driver/Src/stm32l4xx_hal_i2c_ex.o
LOAD ./Drivers/STM32L4xx_HAL_Driver/Src/stm32l4xx_hal_pwr.o
LOAD ./Drivers/STM32L4xx_HAL_Driver/Src/stm32l4xx_hal_pwr_ex.o
LOAD ./Drivers/STM32L4xx_HAL_Driver/Src/stm32l4xx_hal_rcc.o
LOAD ./Drivers/STM32L4xx_HAL_Driver/Src/stm32l4xx_hal_rcc_ex.o
START GROUP
LOAD /Applications/STM32CubeIDE.app/Contents/Eclipse/plugins/com.st.stm32cube.ide.mcu.externaltools.gnu-tools-for-stm32.10.3-2021.10.macos64_1.0.0.202111181127/tools/bin/../lib/gcc/arm-none-eabi/10.3.1/../../../../arm-none-eabi/lib/thumb/v7e-m+fp/hard/libc_nano.a
LOAD /Applications/STM32CubeIDE.app/Contents/Eclipse/plugins/com.st.stm32cube.ide.mcu.externaltools.gnu-tools-for-stm32.10.3-2021.10.macos64_1.0.0.202111181127/tools/bin/../lib/gcc/arm-none-eabi/10.3.1/../../../../arm-none-eabi/lib/thumb/v7e-m+fp/hard/libm.a
END GROUP
START GROUP
LOAD /Applications/STM32CubeIDE.app/Contents/Eclipse/plugins/com.st.stm32cube.ide.mcu.externaltools.gnu-tools-for-stm32.10.3-2021.10.macos64_1.0.0.202111181127/tools/bin/../lib/gcc/arm-none-eabi/10.3.1/thumb/v7e-m+fp/hard/libgcc.a
LOAD /Applications/STM32CubeIDE.app/Contents/Eclipse/plugins/com.st.stm32cube.ide.mcu.externaltools.gnu-tools-for-stm32.10.3-2021.10.macos64_1.0.0.202111181127/tools/bin/../lib/gcc/arm-none-eabi/10.3.1/../../../../arm-none-eabi/lib/thumb/v7e-m+fp/hard/libc_nano.a
END GROUP
START GROUP
LOAD /Applications/STM32CubeIDE.app/Contents/Eclipse/plugins/com.st.stm32cube.ide.mcu.externaltools.gnu-tools-for-stm32.10.3-2021.10.macos64_1.0.0.202111181127/tools/bin/../lib/gcc/arm-none-eabi/10.3.1/thumb/v7e-m+fp/hard/libgcc.a
LOAD /Applications/STM32CubeIDE.app/Contents/Eclipse/plugins/com.st.stm32cube.ide.mcu.externaltools.gnu-tools-for-stm32.10.3-2021.10.macos64_1.0.0.202111181127/tools/bin/../lib/gcc/arm-none-eabi/10.3.1/../../../../arm-none-eabi/lib/thumb/v7e-m+fp/hard/libc_nano.a
LOAD /Applications/STM32CubeIDE.app/Contents/Eclipse/plugins/com.st.stm32cube.ide.mcu.externaltools.gnu-tools-for-stm32.10.3-2021.10.macos64_1.0.0.202111181127/tools/bin/../lib/gcc/arm-none-eabi/10.3.1/../../../../arm-none-eabi/lib/thumb/v7e-m+fp/hard/libnosys.a
END GROUP
START GROUP
LOAD /Applications/STM32CubeIDE.app/Contents/Eclipse/plugins/com.st.stm32cube.ide.mcu.externaltools.gnu-tools-for-stm32.10.3-2021.10.macos64_1.0.0.202111181127/tools/bin/../lib/gcc/arm-none-eabi/10.3.1/thumb/v7e-m+fp/hard/libgcc.a
LOAD /Applications/STM32CubeIDE.app/Contents/Eclipse/plugins/com.st.stm32cube.ide.mcu.externaltools.gnu-tools-for-stm32.10.3-2021.10.macos64_1.0.0.202111181127/tools/bin/../lib/gcc/arm-none-eabi/10.3.1/../../../../arm-none-eabi/lib/thumb/v7e-m+fp/hard/libc_nano.a
LOAD /Applications/STM32CubeIDE.app/Contents/Eclipse/plugins/com.st.stm32cube.ide.mcu.externaltools.gnu-tools-for-stm32.10.3-2021.10.macos64_1.0.0.202111181127/tools/bin/../lib/gcc/arm-none-eabi/10.3.1/../../../../arm-none-eabi/lib/thumb/v7e-m+fp/hard/libnosys.a
END GROUP
LOAD /Applications/STM32CubeIDE.app/Contents/Eclipse/plugins/com.st.stm32cube.ide.mcu.externaltools.gnu-tools-for-stm32.10.3-2021.10.macos64_1.0.0.202111181127/tools/bin/../lib/gcc/arm-none-eabi/10.3.1/thumb/v7e-m+fp/hard/crtend.o
LOAD /Applications/STM32CubeIDE.app/Contents/Eclipse/plugins/com.st.stm32cube.ide.mcu.externaltools.gnu-tools-for-stm32.10.3-2021.10.macos64_1.0.0.202111181127/tools/bin/../lib/gcc/arm-none-eabi/10.3.1/thumb/v7e-m+fp/hard/crtn.o
                0x0000000020018000                _estack = (ORIGIN (RAM) + LENGTH (RAM))
                0x0000000000000200                _Min_Heap_Size = 0x200
                0x0000000000000400                _Min_Stack_Size = 0x400

.isr_vector     0x0000000008000000      0x188
                0x0000000008000000                . = ALIGN (0x4)
 *(.isr_vector)
 .isr_vector    0x0000000008000000      0x188 ./Core/Startup/startup_stm32l476rgtx.o
                0x0000000008000000                g_pfnVectors
                0x0000000008000188                . = ALIGN (0x4)

.text           0x0000000008000190     0x30e8
                0x0000000008000190                . = ALIGN (0x4)
 *(.text)
 .text          0x0000000008000190       0x40 /Applications/STM32CubeIDE.app/Contents/Eclipse/plugins/com.st.stm32cube.ide.mcu.externaltools.gnu-tools-for-stm32.10.3-2021.10.macos64_1.0.0.202111181127/tools/bin/../lib/gcc/arm-none-eabi/10.3.1/thumb/v7e-m+fp/hard/crtbegin.o
 .text          0x00000000080001d0       0x14 /Applications/STM32CubeIDE.app/Contents/Eclipse/plugins/com.st.stm32cube.ide.mcu.externaltools.gnu-tools-for-stm32.10.3-2021.10.macos64_1.0.0.202111181127/tools/bin/../lib/gcc/arm-none-eabi/10.3.1/../../../../arm-none-eabi/lib/thumb/v7e-m+fp/hard/libc_nano.a(lib_a-strcmp.o)
                0x00000000080001d0                strcmp
 .text          0x00000000080001e4       0x10 /Applications/STM32CubeIDE.app/Contents/Eclipse/plugins/com.st.stm32cube.ide.mcu.externaltools.gnu-tools-for-stm32.10.3-2021.10.macos64_1.0.0.202111181127/tools/bin/../lib/gcc/arm-none-eabi/10.3.1/../../../../arm-none-eabi/lib/thumb/v7e-m+fp/hard/libc_nano.a(lib_a-strlen.o)
                0x00000000080001e4                strlen
 *fill*         0x00000000080001f4        0xc 
 .text          0x0000000008000200       0xa0 /Applications/STM32CubeIDE.app/Contents/Eclipse/plugins/com.st.stm32cube.ide.mcu.externaltools.gnu-tools-for-stm32.10.3-2021.10.macos64_1.0.0.202111181127/tools/bin/../lib/gcc/arm-none-eabi/10.3.1/../../../../arm-none-eabi/lib/thumb/v7e-m+fp/hard/libc_nano.a(lib_a-memchr.o)
                0x0000000008000200                memchr
 *(.text*)
 .text.GPIO_Init
                0x00000000080002a0       0xe8 ./Core/Src/GPIO.o
                0x00000000080002a0                GPIO_Init
 .text.HAL_GPIO_EXTI_Callback
                0x0000000008000388       0x2a ./Core/Src/GPIO.o
                0x0000000008000388                HAL_GPIO_EXTI_Callback
 .text.EXTI15_10_IRQHandler
                0x00000000080003b2       0x10 ./Core/Src/GPIO.o
                0x00000000080003b2                EXTI15_10_IRQHandler
 .text.EXTI9_5_IRQHandler
                0x00000000080003c2       0x10 ./Core/Src/GPIO.o
                0x00000000080003c2                EXTI9_5_IRQHandler
 *fill*         0x00000000080003d2        0x2 
 .text.GPIO_Output_Init
                0x00000000080003d4       0xfc ./Core/Src/LED.o
                0x00000000080003d4                GPIO_Output_Init
 .text.LED_Init
                0x00000000080004d0       0x26 ./Core/Src/LED.o
                0x00000000080004d0                LED_Init
 .text.LED_On   0x00000000080004f6       0x3e ./Core/Src/LED.o
                0x00000000080004f6                LED_On
 .text.LED_Off  0x0000000008000534       0x3e ./Core/Src/LED.o
                0x0000000008000534                LED_Off
 .text.LED_Toggle
                0x0000000008000572       0x3e ./Core/Src/LED.o
                0x0000000008000572                LED_Toggle
 .text.System_Clock_Init
                0x00000000080005b0      0x1bc ./Core/Src/SysClock.o
                0x00000000080005b0                System_Clock_Init
 .text.UART2_Init
                0x000000000800076c       0x48 ./Core/Src/UART.o
                0x000000000800076c                UART2_Init
 .text.UART2_GPIO_Init
                0x00000000080007b4       0x90 ./Core/Src/UART.o
                0x00000000080007b4                UART2_GPIO_Init
 .text.USART_Init
                0x0000000008000844      0x10c ./Core/Src/UART.o
                0x0000000008000844                USART_Init
 .text.USART_No_block_Read
                0x0000000008000950       0x2c ./Core/Src/UART.o
                0x0000000008000950                USART_No_block_Read
 .text.USART_Write
                0x000000000800097c       0x66 ./Core/Src/UART.o
                0x000000000800097c                USART_Write
 *fill*         0x00000000080009e2        0x2 
 .text.USART_Delay
                0x00000000080009e4       0x40 ./Core/Src/UART.o
                0x00000000080009e4                USART_Delay
 .text.Error_Handler
                0x0000000008000a24        0xe ./Core/Src/adc_demo.o
                0x0000000008000a24                Error_Handler
 *fill*         0x0000000008000a32        0x2 
 .text.command_handler
                0x0000000008000a34       0xbc ./Core/Src/commandHandler.o
                0x0000000008000a34                command_handler
 .text.play_handler
                0x0000000008000af0       0x40 ./Core/Src/commands.o
                0x0000000008000af0                play_handler
 .text.button_play
                0x0000000008000b30       0x18 ./Core/Src/commands.o
                0x0000000008000b30                button_play
 .text.pause_handler
                0x0000000008000b48       0x18 ./Core/Src/commands.o
                0x0000000008000b48                pause_handler
 .text.stop_handler
                0x0000000008000b60       0x18 ./Core/Src/commands.o
                0x0000000008000b60                stop_handler
 .text.next_handler
                0x0000000008000b78       0x5c ./Core/Src/commands.o
                0x0000000008000b78                next_handler
 .text.get_flag
                0x0000000008000bd4       0x18 ./Core/Src/commands.o
                0x0000000008000bd4                get_flag
 .text.get_local
                0x0000000008000bec       0x18 ./Core/Src/commands.o
                0x0000000008000bec                get_local
 .text.help_handler
                0x0000000008000c04       0x44 ./Core/Src/commands.o
                0x0000000008000c04                help_handler
 .text.toggle_local
                0x0000000008000c48       0x38 ./Core/Src/commands.o
                0x0000000008000c48                toggle_local
 .text.local_command
                0x0000000008000c80      0x114 ./Core/Src/commands.o
                0x0000000008000c80                local_command
 .text.HAL_DAC_MspInit
                0x0000000008000d94       0x7c ./Core/Src/dac.o
                0x0000000008000d94                HAL_DAC_MspInit
 .text.DAC_Init
                0x0000000008000e10       0x64 ./Core/Src/dac.o
                0x0000000008000e10                DAC_Init
 .text.DAC_Start
                0x0000000008000e74       0x14 ./Core/Src/dac.o
                0x0000000008000e74                DAC_Start
 .text.DAC_Set_Value
                0x0000000008000e88       0x20 ./Core/Src/dac.o
                0x0000000008000e88                DAC_Set_Value
 .text.init_systick
                0x0000000008000ea8       0x54 ./Core/Src/demo.o
 .text.get_millis
                0x0000000008000efc       0x18 ./Core/Src/demo.o
                0x0000000008000efc                get_millis
 .text.SysTick_Handler
                0x0000000008000f14       0x48 ./Core/Src/demo.o
                0x0000000008000f14                SysTick_Handler
 .text.second_elapsed
                0x0000000008000f5c       0x18 ./Core/Src/demo.o
                0x0000000008000f5c                second_elapsed
 .text.reset_second
                0x0000000008000f74       0x18 ./Core/Src/demo.o
                0x0000000008000f74                reset_second
 .text.run_demo
                0x0000000008000f8c       0x10 ./Core/Src/demo.o
                0x0000000008000f8c                run_demo
 .text.inputLoop
                0x0000000008000f9c      0x110 ./Core/Src/inputHandler.o
                0x0000000008000f9c                inputLoop
 .text.main     0x00000000080010ac       0x26 ./Core/Src/main.o
                0x00000000080010ac                main
 *fill*         0x00000000080010d2        0x2 
 .text.mainprintf
                0x00000000080010d4       0x64 ./Core/Src/printf.o
                0x00000000080010d4                mainprintf
 .text.parse_meta_events
                0x0000000008001138      0x14c ./Core/Src/songParser.o
                0x0000000008001138                parse_meta_events
 .text.parse_song
                0x0000000008001284       0x1a ./Core/Src/songParser.o
                0x0000000008001284                parse_song
 .text._read    0x000000000800129e       0x3a ./Core/Src/syscalls.o
                0x000000000800129e                _read
 .text._write   0x00000000080012d8       0x38 ./Core/Src/syscalls.o
                0x00000000080012d8                _write
 .text._close   0x0000000008001310       0x18 ./Core/Src/syscalls.o
                0x0000000008001310                _close
 .text._lseek   0x0000000008001328       0x1a ./Core/Src/syscalls.o
                0x0000000008001328                _lseek
 *fill*         0x0000000008001342        0x2 
 .text._sbrk    0x0000000008001344       0x6c ./Core/Src/sysmem.o
                0x0000000008001344                _sbrk
 .text.SystemInit
                0x00000000080013b0       0x6c ./Core/Src/system_stm32l4xx.o
                0x00000000080013b0                SystemInit
 .text.find_mtrk
                0x000000000800141c       0x72 ./Core/Src/tone.o
                0x000000000800141c                find_mtrk
 *fill*         0x000000000800148e        0x2 
 .text.cut_music
                0x0000000008001490       0x18 ./Core/Src/tone.o
                0x0000000008001490                cut_music
 .text.play_music
                0x00000000080014a8       0x18 ./Core/Src/tone.o
                0x00000000080014a8                play_music
 .text.parse_song_t
                0x00000000080014c0       0xd8 ./Core/Src/tone.o
                0x00000000080014c0                parse_song_t
 .text.hertz_to_duration
                0x0000000008001598       0x54 ./Core/Src/tone.o
                0x0000000008001598                hertz_to_duration
 .text.add_tone
                0x00000000080015ec       0x70 ./Core/Src/tone.o
                0x00000000080015ec                add_tone
 .text.remove_tone
                0x000000000800165c       0x3c ./Core/Src/tone.o
                0x000000000800165c                remove_tone
 .text.play_tones
                0x0000000008001698       0x58 ./Core/Src/tone.o
                0x0000000008001698                play_tones
 .text.Reset_Handler
                0x00000000080016f0       0x50 ./Core/Startup/startup_stm32l476rgtx.o
                0x00000000080016f0                Reset_Handler
 .text.Default_Handler
                0x0000000008001740        0x2 ./Core/Startup/startup_stm32l476rgtx.o
                0x0000000008001740                TIM1_BRK_TIM15_IRQHandler
                0x0000000008001740                EXTI2_IRQHandler
                0x0000000008001740                TIM8_TRG_COM_IRQHandler
                0x0000000008001740                TIM8_CC_IRQHandler
                0x0000000008001740                DebugMon_Handler
                0x0000000008001740                TIM1_CC_IRQHandler
                0x0000000008001740                TSC_IRQHandler
                0x0000000008001740                HardFault_Handler
                0x0000000008001740                TAMP_STAMP_IRQHandler
                0x0000000008001740                PendSV_Handler
                0x0000000008001740                NMI_Handler
                0x0000000008001740                EXTI3_IRQHandler
                0x0000000008001740                LPTIM2_IRQHandler
                0x0000000008001740                DFSDM1_FLT1_IRQHandler
                0x0000000008001740                I2C3_ER_IRQHandler
                0x0000000008001740                DFSDM1_FLT2_IRQHandler
                0x0000000008001740                EXTI0_IRQHandler
                0x0000000008001740                I2C2_EV_IRQHandler
                0x0000000008001740                CAN1_RX0_IRQHandler
                0x0000000008001740                FPU_IRQHandler
                0x0000000008001740                TIM1_UP_TIM16_IRQHandler
                0x0000000008001740                UsageFault_Handler
                0x0000000008001740                ADC1_2_IRQHandler
                0x0000000008001740                SPI1_IRQHandler
                0x0000000008001740                TIM6_DAC_IRQHandler
                0x0000000008001740                TIM8_UP_IRQHandler
                0x0000000008001740                DMA2_Channel2_IRQHandler
                0x0000000008001740                DMA1_Channel4_IRQHandler
                0x0000000008001740                SAI2_IRQHandler
                0x0000000008001740                DFSDM1_FLT3_IRQHandler
                0x0000000008001740                USART3_IRQHandler
                0x0000000008001740                DMA1_Channel7_IRQHandler
                0x0000000008001740                CAN1_RX1_IRQHandler
                0x0000000008001740                LCD_IRQHandler
                0x0000000008001740                UART5_IRQHandler
                0x0000000008001740                ADC3_IRQHandler
                0x0000000008001740                TIM4_IRQHandler
                0x0000000008001740                DMA2_Channel1_IRQHandler
                0x0000000008001740                QUADSPI_IRQHandler
                0x0000000008001740                I2C1_EV_IRQHandler
                0x0000000008001740                DMA1_Channel6_IRQHandler
                0x0000000008001740                UART4_IRQHandler
                0x0000000008001740                DMA2_Channel4_IRQHandler
                0x0000000008001740                TIM3_IRQHandler
                0x0000000008001740                RCC_IRQHandler
                0x0000000008001740                DMA1_Channel1_IRQHandler
                0x0000000008001740                Default_Handler
                0x0000000008001740                DMA2_Channel7_IRQHandler
                0x0000000008001740                TIM7_IRQHandler
                0x0000000008001740                SDMMC1_IRQHandler
                0x0000000008001740                TIM5_IRQHandler
                0x0000000008001740                I2C3_EV_IRQHandler
                0x0000000008001740                RTC_WKUP_IRQHandler
                0x0000000008001740                PVD_PVM_IRQHandler
                0x0000000008001740                SPI2_IRQHandler
                0x0000000008001740                MemManage_Handler
                0x0000000008001740                CAN1_TX_IRQHandler
                0x0000000008001740                SVC_Handler
                0x0000000008001740                DMA2_Channel5_IRQHandler
                0x0000000008001740                DMA1_Channel5_IRQHandler
                0x0000000008001740                EXTI4_IRQHandler
                0x0000000008001740                RNG_IRQHandler
                0x0000000008001740                TIM1_TRG_COM_TIM17_IRQHandler
                0x0000000008001740                DMA1_Channel3_IRQHandler
                0x0000000008001740                COMP_IRQHandler
                0x0000000008001740                WWDG_IRQHandler
                0x0000000008001740                LPUART1_IRQHandler
                0x0000000008001740                DMA2_Channel6_IRQHandler
                0x0000000008001740                TIM2_IRQHandler
                0x0000000008001740                EXTI1_IRQHandler
                0x0000000008001740                USART2_IRQHandler
                0x0000000008001740                DFSDM1_FLT0_IRQHandler
                0x0000000008001740                I2C2_ER_IRQHandler
                0x0000000008001740                DMA1_Channel2_IRQHandler
                0x0000000008001740                TIM8_BRK_IRQHandler
                0x0000000008001740                CAN1_SCE_IRQHandler
                0x0000000008001740                FLASH_IRQHandler
                0x0000000008001740                BusFault_Handler
                0x0000000008001740                USART1_IRQHandler
                0x0000000008001740                OTG_FS_IRQHandler
                0x0000000008001740                SPI3_IRQHandler
                0x0000000008001740                I2C1_ER_IRQHandler
                0x0000000008001740                FMC_IRQHandler
                0x0000000008001740                SWPMI1_IRQHandler
                0x0000000008001740                LPTIM1_IRQHandler
                0x0000000008001740                SAI1_IRQHandler
                0x0000000008001740                DMA2_Channel3_IRQHandler
                0x0000000008001740                RTC_Alarm_IRQHandler
 *fill*         0x0000000008001742        0x2 
 .text.HAL_GetTick
                0x0000000008001744       0x18 ./Drivers/STM32L4xx_HAL_Driver/Src/stm32l4xx_hal.o
                0x0000000008001744                HAL_GetTick
 .text.HAL_Delay
                0x000000000800175c       0x48 ./Drivers/STM32L4xx_HAL_Driver/Src/stm32l4xx_hal.o
                0x000000000800175c                HAL_Delay
 .text.__NVIC_EnableIRQ
                0x00000000080017a4       0x3c ./Drivers/STM32L4xx_HAL_Driver/Src/stm32l4xx_hal_cortex.o
 .text.HAL_NVIC_EnableIRQ
                0x00000000080017e0       0x1c ./Drivers/STM32L4xx_HAL_Driver/Src/stm32l4xx_hal_cortex.o
                0x00000000080017e0                HAL_NVIC_EnableIRQ
 .text.HAL_DAC_Init
                0x00000000080017fc       0x44 ./Drivers/STM32L4xx_HAL_Driver/Src/stm32l4xx_hal_dac.o
                0x00000000080017fc                HAL_DAC_Init
 .text.HAL_DAC_Start
                0x0000000008001840       0x9a ./Drivers/STM32L4xx_HAL_Driver/Src/stm32l4xx_hal_dac.o
                0x0000000008001840                HAL_DAC_Start
 .text.HAL_DAC_SetValue
                0x00000000080018da       0x4a ./Drivers/STM32L4xx_HAL_Driver/Src/stm32l4xx_hal_dac.o
                0x00000000080018da                HAL_DAC_SetValue
 .text.HAL_DAC_ConfigChannel
                0x0000000008001924      0x234 ./Drivers/STM32L4xx_HAL_Driver/Src/stm32l4xx_hal_dac.o
                0x0000000008001924                HAL_DAC_ConfigChannel
 .text.HAL_GPIO_Init
                0x0000000008001b58      0x354 ./Drivers/STM32L4xx_HAL_Driver/Src/stm32l4xx_hal_gpio.o
                0x0000000008001b58                HAL_GPIO_Init
 .text.HAL_GPIO_WritePin
                0x0000000008001eac       0x30 ./Drivers/STM32L4xx_HAL_Driver/Src/stm32l4xx_hal_gpio.o
                0x0000000008001eac                HAL_GPIO_WritePin
 .text.HAL_GPIO_EXTI_IRQHandler
                0x0000000008001edc       0x30 ./Drivers/STM32L4xx_HAL_Driver/Src/stm32l4xx_hal_gpio.o
                0x0000000008001edc                HAL_GPIO_EXTI_IRQHandler
 .text.__errno  0x0000000008001f0c        0xc /Applications/STM32CubeIDE.app/Contents/Eclipse/plugins/com.st.stm32cube.ide.mcu.externaltools.gnu-tools-for-stm32.10.3-2021.10.macos64_1.0.0.202111181127/tools/bin/../lib/gcc/arm-none-eabi/10.3.1/../../../../arm-none-eabi/lib/thumb/v7e-m+fp/hard/libc_nano.a(lib_a-errno.o)
                0x0000000008001f0c                __errno
 .text.__libc_init_array
                0x0000000008001f18       0x48 /Applications/STM32CubeIDE.app/Contents/Eclipse/plugins/com.st.stm32cube.ide.mcu.externaltools.gnu-tools-for-stm32.10.3-2021.10.macos64_1.0.0.202111181127/tools/bin/../lib/gcc/arm-none-eabi/10.3.1/../../../../arm-none-eabi/lib/thumb/v7e-m+fp/hard/libc_nano.a(lib_a-init.o)
                0x0000000008001f18                __libc_init_array
 .text.memset   0x0000000008001f60       0x10 /Applications/STM32CubeIDE.app/Contents/Eclipse/plugins/com.st.stm32cube.ide.mcu.externaltools.gnu-tools-for-stm32.10.3-2021.10.macos64_1.0.0.202111181127/tools/bin/../lib/gcc/arm-none-eabi/10.3.1/../../../../arm-none-eabi/lib/thumb/v7e-m+fp/hard/libc_nano.a(lib_a-memset.o)
                0x0000000008001f60                memset
 .text._perror_r
                0x0000000008001f70      0x134 /Applications/STM32CubeIDE.app/Contents/Eclipse/plugins/com.st.stm32cube.ide.mcu.externaltools.gnu-tools-for-stm32.10.3-2021.10.macos64_1.0.0.202111181127/tools/bin/../lib/gcc/arm-none-eabi/10.3.1/../../../../arm-none-eabi/lib/thumb/v7e-m+fp/hard/libc_nano.a(lib_a-perror.o)
                0x0000000008001f70                _perror_r
 .text.perror   0x00000000080020a4       0x10 /Applications/STM32CubeIDE.app/Contents/Eclipse/plugins/com.st.stm32cube.ide.mcu.externaltools.gnu-tools-for-stm32.10.3-2021.10.macos64_1.0.0.202111181127/tools/bin/../lib/gcc/arm-none-eabi/10.3.1/../../../../arm-none-eabi/lib/thumb/v7e-m+fp/hard/libc_nano.a(lib_a-perror.o)
                0x00000000080020a4                perror
 .text._strerror_r
                0x00000000080020b4      0x3cc /Applications/STM32CubeIDE.app/Contents/Eclipse/plugins/com.st.stm32cube.ide.mcu.externaltools.gnu-tools-for-stm32.10.3-2021.10.macos64_1.0.0.202111181127/tools/bin/../lib/gcc/arm-none-eabi/10.3.1/../../../../arm-none-eabi/lib/thumb/v7e-m+fp/hard/libc_nano.a(lib_a-strerror.o)
                0x00000000080020b4                _strerror_r
 .text._user_strerror
                0x0000000008002480        0x4 /Applications/STM32CubeIDE.app/Contents/Eclipse/plugins/com.st.stm32cube.ide.mcu.externaltools.gnu-tools-for-stm32.10.3-2021.10.macos64_1.0.0.202111181127/tools/bin/../lib/gcc/arm-none-eabi/10.3.1/../../../../arm-none-eabi/lib/thumb/v7e-m+fp/hard/libc_nano.a(lib_a-u_strerr.o)
                0x0000000008002480                _user_strerror
 .text._vsprintf_r
                0x0000000008002484       0x2c /Applications/STM32CubeIDE.app/Contents/Eclipse/plugins/com.st.stm32cube.ide.mcu.externaltools.gnu-tools-for-stm32.10.3-2021.10.macos64_1.0.0.202111181127/tools/bin/../lib/gcc/arm-none-eabi/10.3.1/../../../../arm-none-eabi/lib/thumb/v7e-m+fp/hard/libc_nano.a(lib_a-vsprintf.o)
                0x0000000008002484                _vsiprintf_r
                0x0000000008002484                _vsprintf_r
 .text.vsprintf
                0x00000000080024b0       0x14 /Applications/STM32CubeIDE.app/Contents/Eclipse/plugins/com.st.stm32cube.ide.mcu.externaltools.gnu-tools-for-stm32.10.3-2021.10.macos64_1.0.0.202111181127/tools/bin/../lib/gcc/arm-none-eabi/10.3.1/../../../../arm-none-eabi/lib/thumb/v7e-m+fp/hard/libc_nano.a(lib_a-vsprintf.o)
                0x00000000080024b0                vsprintf
                0x00000000080024b0                vsiprintf
 .text._write_r
                0x00000000080024c4       0x24 /Applications/STM32CubeIDE.app/Contents/Eclipse/plugins/com.st.stm32cube.ide.mcu.externaltools.gnu-tools-for-stm32.10.3-2021.10.macos64_1.0.0.202111181127/tools/bin/../lib/gcc/arm-none-eabi/10.3.1/../../../../arm-none-eabi/lib/thumb/v7e-m+fp/hard/libc_nano.a(lib_a-writer.o)
                0x00000000080024c4                _write_r
 .text.__sflush_r
                0x00000000080024e8      0x10c /Applications/STM32CubeIDE.app/Contents/Eclipse/plugins/com.st.stm32cube.ide.mcu.externaltools.gnu-tools-for-stm32.10.3-2021.10.macos64_1.0.0.202111181127/tools/bin/../lib/gcc/arm-none-eabi/10.3.1/../../../../arm-none-eabi/lib/thumb/v7e-m+fp/hard/libc_nano.a(lib_a-fflush.o)
                0x00000000080024e8                __sflush_r
 .text._fflush_r
                0x00000000080025f4       0x78 /Applications/STM32CubeIDE.app/Contents/Eclipse/plugins/com.st.stm32cube.ide.mcu.externaltools.gnu-tools-for-stm32.10.3-2021.10.macos64_1.0.0.202111181127/tools/bin/../lib/gcc/arm-none-eabi/10.3.1/../../../../arm-none-eabi/lib/thumb/v7e-m+fp/hard/libc_nano.a(lib_a-fflush.o)
                0x00000000080025f4                _fflush_r
 .text.fileno   0x000000000800266c       0x7c /Applications/STM32CubeIDE.app/Contents/Eclipse/plugins/com.st.stm32cube.ide.mcu.externaltools.gnu-tools-for-stm32.10.3-2021.10.macos64_1.0.0.202111181127/tools/bin/../lib/gcc/arm-none-eabi/10.3.1/../../../../arm-none-eabi/lib/thumb/v7e-m+fp/hard/libc_nano.a(lib_a-fileno.o)
                0x000000000800266c                fileno
 .text.std      0x00000000080026e8       0x48 /Applications/STM32CubeIDE.app/Contents/Eclipse/plugins/com.st.stm32cube.ide.mcu.externaltools.gnu-tools-for-stm32.10.3-2021.10.macos64_1.0.0.202111181127/tools/bin/../lib/gcc/arm-none-eabi/10.3.1/../../../../arm-none-eabi/lib/thumb/v7e-m+fp/hard/libc_nano.a(lib_a-findfp.o)
 .text._cleanup_r
                0x0000000008002730        0xc /Applications/STM32CubeIDE.app/Contents/Eclipse/plugins/com.st.stm32cube.ide.mcu.externaltools.gnu-tools-for-stm32.10.3-2021.10.macos64_1.0.0.202111181127/tools/bin/../lib/gcc/arm-none-eabi/10.3.1/../../../../arm-none-eabi/lib/thumb/v7e-m+fp/hard/libc_nano.a(lib_a-findfp.o)
                0x0000000008002730                _cleanup_r
 .text.__sfmoreglue
                0x000000000800273c       0x2c /Applications/STM32CubeIDE.app/Contents/Eclipse/plugins/com.st.stm32cube.ide.mcu.externaltools.gnu-tools-for-stm32.10.3-2021.10.macos64_1.0.0.202111181127/tools/bin/../lib/gcc/arm-none-eabi/10.3.1/../../../../arm-none-eabi/lib/thumb/v7e-m+fp/hard/libc_nano.a(lib_a-findfp.o)
                0x000000000800273c                __sfmoreglue
 .text.__sfp_lock_acquire
                0x0000000008002768        0xc /Applications/STM32CubeIDE.app/Contents/Eclipse/plugins/com.st.stm32cube.ide.mcu.externaltools.gnu-tools-for-stm32.10.3-2021.10.macos64_1.0.0.202111181127/tools/bin/../lib/gcc/arm-none-eabi/10.3.1/../../../../arm-none-eabi/lib/thumb/v7e-m+fp/hard/libc_nano.a(lib_a-findfp.o)
                0x0000000008002768                __sfp_lock_acquire
 .text.__sfp_lock_release
                0x0000000008002774        0xc /Applications/STM32CubeIDE.app/Contents/Eclipse/plugins/com.st.stm32cube.ide.mcu.externaltools.gnu-tools-for-stm32.10.3-2021.10.macos64_1.0.0.202111181127/tools/bin/../lib/gcc/arm-none-eabi/10.3.1/../../../../arm-none-eabi/lib/thumb/v7e-m+fp/hard/libc_nano.a(lib_a-findfp.o)
                0x0000000008002774                __sfp_lock_release
 .text.__sinit_lock_acquire
                0x0000000008002780        0xc /Applications/STM32CubeIDE.app/Contents/Eclipse/plugins/com.st.stm32cube.ide.mcu.externaltools.gnu-tools-for-stm32.10.3-2021.10.macos64_1.0.0.202111181127/tools/bin/../lib/gcc/arm-none-eabi/10.3.1/../../../../arm-none-eabi/lib/thumb/v7e-m+fp/hard/libc_nano.a(lib_a-findfp.o)
                0x0000000008002780                __sinit_lock_acquire
 .text.__sinit_lock_release
                0x000000000800278c        0xc /Applications/STM32CubeIDE.app/Contents/Eclipse/plugins/com.st.stm32cube.ide.mcu.externaltools.gnu-tools-for-stm32.10.3-2021.10.macos64_1.0.0.202111181127/tools/bin/../lib/gcc/arm-none-eabi/10.3.1/../../../../arm-none-eabi/lib/thumb/v7e-m+fp/hard/libc_nano.a(lib_a-findfp.o)
                0x000000000800278c                __sinit_lock_release
 .text.__sinit  0x0000000008002798       0x70 /Applications/STM32CubeIDE.app/Contents/Eclipse/plugins/com.st.stm32cube.ide.mcu.externaltools.gnu-tools-for-stm32.10.3-2021.10.macos64_1.0.0.202111181127/tools/bin/../lib/gcc/arm-none-eabi/10.3.1/../../../../arm-none-eabi/lib/thumb/v7e-m+fp/hard/libc_nano.a(lib_a-findfp.o)
                0x0000000008002798                __sinit
 .text.__sfp    0x0000000008002808       0x8c /Applications/STM32CubeIDE.app/Contents/Eclipse/plugins/com.st.stm32cube.ide.mcu.externaltools.gnu-tools-for-stm32.10.3-2021.10.macos64_1.0.0.202111181127/tools/bin/../lib/gcc/arm-none-eabi/10.3.1/../../../../arm-none-eabi/lib/thumb/v7e-m+fp/hard/libc_nano.a(lib_a-findfp.o)
                0x0000000008002808                __sfp
 .text._fwalk_reent
                0x0000000008002894       0x3e /Applications/STM32CubeIDE.app/Contents/Eclipse/plugins/com.st.stm32cube.ide.mcu.externaltools.gnu-tools-for-stm32.10.3-2021.10.macos64_1.0.0.202111181127/tools/bin/../lib/gcc/arm-none-eabi/10.3.1/../../../../arm-none-eabi/lib/thumb/v7e-m+fp/hard/libc_nano.a(lib_a-fwalk.o)
                0x0000000008002894                _fwalk_reent
 .text.__retarget_lock_init_recursive
                0x00000000080028d2        0x2 /Applications/STM32CubeIDE.app/Contents/Eclipse/plugins/com.st.stm32cube.ide.mcu.externaltools.gnu-tools-for-stm32.10.3-2021.10.macos64_1.0.0.202111181127/tools/bin/../lib/gcc/arm-none-eabi/10.3.1/../../../../arm-none-eabi/lib/thumb/v7e-m+fp/hard/libc_nano.a(lib_a-lock.o)
                0x00000000080028d2                __retarget_lock_init_recursive
 .text.__retarget_lock_acquire_recursive
                0x00000000080028d4        0x2 /Applications/STM32CubeIDE.app/Contents/Eclipse/plugins/com.st.stm32cube.ide.mcu.externaltools.gnu-tools-for-stm32.10.3-2021.10.macos64_1.0.0.202111181127/tools/bin/../lib/gcc/arm-none-eabi/10.3.1/../../../../arm-none-eabi/lib/thumb/v7e-m+fp/hard/libc_nano.a(lib_a-lock.o)
                0x00000000080028d4                __retarget_lock_acquire_recursive
 .text.__retarget_lock_release_recursive
                0x00000000080028d6        0x2 /Applications/STM32CubeIDE.app/Contents/Eclipse/plugins/com.st.stm32cube.ide.mcu.externaltools.gnu-tools-for-stm32.10.3-2021.10.macos64_1.0.0.202111181127/tools/bin/../lib/gcc/arm-none-eabi/10.3.1/../../../../arm-none-eabi/lib/thumb/v7e-m+fp/hard/libc_nano.a(lib_a-lock.o)
                0x00000000080028d6                __retarget_lock_release_recursive
 .text._free_r  0x00000000080028d8       0x98 /Applications/STM32CubeIDE.app/Contents/Eclipse/plugins/com.st.stm32cube.ide.mcu.externaltools.gnu-tools-for-stm32.10.3-2021.10.macos64_1.0.0.202111181127/tools/bin/../lib/gcc/arm-none-eabi/10.3.1/../../../../arm-none-eabi/lib/thumb/v7e-m+fp/hard/libc_nano.a(lib_a-nano-freer.o)
                0x00000000080028d8                _free_r
 .text.sbrk_aligned
                0x0000000008002970       0x40 /Applications/STM32CubeIDE.app/Contents/Eclipse/plugins/com.st.stm32cube.ide.mcu.externaltools.gnu-tools-for-stm32.10.3-2021.10.macos64_1.0.0.202111181127/tools/bin/../lib/gcc/arm-none-eabi/10.3.1/../../../../arm-none-eabi/lib/thumb/v7e-m+fp/hard/libc_nano.a(lib_a-nano-mallocr.o)
 .text._malloc_r
                0x00000000080029b0       0xe8 /Applications/STM32CubeIDE.app/Contents/Eclipse/plugins/com.st.stm32cube.ide.mcu.externaltools.gnu-tools-for-stm32.10.3-2021.10.macos64_1.0.0.202111181127/tools/bin/../lib/gcc/arm-none-eabi/10.3.1/../../../../arm-none-eabi/lib/thumb/v7e-m+fp/hard/libc_nano.a(lib_a-nano-mallocr.o)
                0x00000000080029b0                _malloc_r
 .text.__ssputs_r
                0x0000000008002a98       0xb6 /Applications/STM32CubeIDE.app/Contents/Eclipse/plugins/com.st.stm32cube.ide.mcu.externaltools.gnu-tools-for-stm32.10.3-2021.10.macos64_1.0.0.202111181127/tools/bin/../lib/gcc/arm-none-eabi/10.3.1/../../../../arm-none-eabi/lib/thumb/v7e-m+fp/hard/libc_nano.a(lib_a-nano-svfprintf.o)
                0x0000000008002a98                __ssputs_r
 *fill*         0x0000000008002b4e        0x2 
 .text._svfprintf_r
                0x0000000008002b50      0x200 /Applications/STM32CubeIDE.app/Contents/Eclipse/plugins/com.st.stm32cube.ide.mcu.externaltools.gnu-tools-for-stm32.10.3-2021.10.macos64_1.0.0.202111181127/tools/bin/../lib/gcc/arm-none-eabi/10.3.1/../../../../arm-none-eabi/lib/thumb/v7e-m+fp/hard/libc_nano.a(lib_a-nano-svfprintf.o)
                0x0000000008002b50                _svfprintf_r
                0x0000000008002b50                _svfiprintf_r
 .text._printf_common
                0x0000000008002d50       0xda /Applications/STM32CubeIDE.app/Contents/Eclipse/plugins/com.st.stm32cube.ide.mcu.externaltools.gnu-tools-for-stm32.10.3-2021.10.macos64_1.0.0.202111181127/tools/bin/../lib/gcc/arm-none-eabi/10.3.1/../../../../arm-none-eabi/lib/thumb/v7e-m+fp/hard/libc_nano.a(lib_a-nano-vfprintf_i.o)
                0x0000000008002d50                _printf_common
 *fill*         0x0000000008002e2a        0x2 
 .text._printf_i
                0x0000000008002e2c      0x24c /Applications/STM32CubeIDE.app/Contents/Eclipse/plugins/com.st.stm32cube.ide.mcu.externaltools.gnu-tools-for-stm32.10.3-2021.10.macos64_1.0.0.202111181127/tools/bin/../lib/gcc/arm-none-eabi/10.3.1/../../../../arm-none-eabi/lib/thumb/v7e-m+fp/hard/libc_nano.a(lib_a-nano-vfprintf_i.o)
                0x0000000008002e2c                _printf_i
 .text._sbrk_r  0x0000000008003078       0x20 /Applications/STM32CubeIDE.app/Contents/Eclipse/plugins/com.st.stm32cube.ide.mcu.externaltools.gnu-tools-for-stm32.10.3-2021.10.macos64_1.0.0.202111181127/tools/bin/../lib/gcc/arm-none-eabi/10.3.1/../../../../arm-none-eabi/lib/thumb/v7e-m+fp/hard/libc_nano.a(lib_a-sbrkr.o)
                0x0000000008003078                _sbrk_r
 .text.__sread  0x0000000008003098       0x22 /Applications/STM32CubeIDE.app/Contents/Eclipse/plugins/com.st.stm32cube.ide.mcu.externaltools.gnu-tools-for-stm32.10.3-2021.10.macos64_1.0.0.202111181127/tools/bin/../lib/gcc/arm-none-eabi/10.3.1/../../../../arm-none-eabi/lib/thumb/v7e-m+fp/hard/libc_nano.a(lib_a-stdio.o)
                0x0000000008003098                __sread
 .text.__swrite
                0x00000000080030ba       0x38 /Applications/STM32CubeIDE.app/Contents/Eclipse/plugins/com.st.stm32cube.ide.mcu.externaltools.gnu-tools-for-stm32.10.3-2021.10.macos64_1.0.0.202111181127/tools/bin/../lib/gcc/arm-none-eabi/10.3.1/../../../../arm-none-eabi/lib/thumb/v7e-m+fp/hard/libc_nano.a(lib_a-stdio.o)
                0x00000000080030ba                __swrite
 .text.__sseek  0x00000000080030f2       0x24 /Applications/STM32CubeIDE.app/Contents/Eclipse/plugins/com.st.stm32cube.ide.mcu.externaltools.gnu-tools-for-stm32.10.3-2021.10.macos64_1.0.0.202111181127/tools/bin/../lib/gcc/arm-none-eabi/10.3.1/../../../../arm-none-eabi/lib/thumb/v7e-m+fp/hard/libc_nano.a(lib_a-stdio.o)
                0x00000000080030f2                __sseek
 .text.__sclose
                0x0000000008003116        0x8 /Applications/STM32CubeIDE.app/Contents/Eclipse/plugins/com.st.stm32cube.ide.mcu.externaltools.gnu-tools-for-stm32.10.3-2021.10.macos64_1.0.0.202111181127/tools/bin/../lib/gcc/arm-none-eabi/10.3.1/../../../../arm-none-eabi/lib/thumb/v7e-m+fp/hard/libc_nano.a(lib_a-stdio.o)
                0x0000000008003116                __sclose
 *fill*         0x000000000800311e        0x2 
 .text._close_r
                0x0000000008003120       0x20 /Applications/STM32CubeIDE.app/Contents/Eclipse/plugins/com.st.stm32cube.ide.mcu.externaltools.gnu-tools-for-stm32.10.3-2021.10.macos64_1.0.0.202111181127/tools/bin/../lib/gcc/arm-none-eabi/10.3.1/../../../../arm-none-eabi/lib/thumb/v7e-m+fp/hard/libc_nano.a(lib_a-closer.o)
                0x0000000008003120                _close_r
 .text._lseek_r
                0x0000000008003140       0x24 /Applications/STM32CubeIDE.app/Contents/Eclipse/plugins/com.st.stm32cube.ide.mcu.externaltools.gnu-tools-for-stm32.10.3-2021.10.macos64_1.0.0.202111181127/tools/bin/../lib/gcc/arm-none-eabi/10.3.1/../../../../arm-none-eabi/lib/thumb/v7e-m+fp/hard/libc_nano.a(lib_a-lseekr.o)
                0x0000000008003140                _lseek_r
 .text.memcpy   0x0000000008003164       0x1c /Applications/STM32CubeIDE.app/Contents/Eclipse/plugins/com.st.stm32cube.ide.mcu.externaltools.gnu-tools-for-stm32.10.3-2021.10.macos64_1.0.0.202111181127/tools/bin/../lib/gcc/arm-none-eabi/10.3.1/../../../../arm-none-eabi/lib/thumb/v7e-m+fp/hard/libc_nano.a(lib_a-memcpy-stub.o)
                0x0000000008003164                memcpy
 .text.memmove  0x0000000008003180       0x34 /Applications/STM32CubeIDE.app/Contents/Eclipse/plugins/com.st.stm32cube.ide.mcu.externaltools.gnu-tools-for-stm32.10.3-2021.10.macos64_1.0.0.202111181127/tools/bin/../lib/gcc/arm-none-eabi/10.3.1/../../../../arm-none-eabi/lib/thumb/v7e-m+fp/hard/libc_nano.a(lib_a-memmove.o)
                0x0000000008003180                memmove
 .text.__malloc_lock
                0x00000000080031b4        0xc /Applications/STM32CubeIDE.app/Contents/Eclipse/plugins/com.st.stm32cube.ide.mcu.externaltools.gnu-tools-for-stm32.10.3-2021.10.macos64_1.0.0.202111181127/tools/bin/../lib/gcc/arm-none-eabi/10.3.1/../../../../arm-none-eabi/lib/thumb/v7e-m+fp/hard/libc_nano.a(lib_a-mlock.o)
                0x00000000080031b4                __malloc_lock
 .text.__malloc_unlock
                0x00000000080031c0        0xc /Applications/STM32CubeIDE.app/Contents/Eclipse/plugins/com.st.stm32cube.ide.mcu.externaltools.gnu-tools-for-stm32.10.3-2021.10.macos64_1.0.0.202111181127/tools/bin/../lib/gcc/arm-none-eabi/10.3.1/../../../../arm-none-eabi/lib/thumb/v7e-m+fp/hard/libc_nano.a(lib_a-mlock.o)
                0x00000000080031c0                __malloc_unlock
 .text._realloc_r
                0x00000000080031cc       0x5e /Applications/STM32CubeIDE.app/Contents/Eclipse/plugins/com.st.stm32cube.ide.mcu.externaltools.gnu-tools-for-stm32.10.3-2021.10.macos64_1.0.0.202111181127/tools/bin/../lib/gcc/arm-none-eabi/10.3.1/../../../../arm-none-eabi/lib/thumb/v7e-m+fp/hard/libc_nano.a(lib_a-nano-reallocr.o)
                0x00000000080031cc                _realloc_r
 *fill*         0x000000000800322a        0x2 
 .text._read_r  0x000000000800322c       0x24 /Applications/STM32CubeIDE.app/Contents/Eclipse/plugins/com.st.stm32cube.ide.mcu.externaltools.gnu-tools-for-stm32.10.3-2021.10.macos64_1.0.0.202111181127/tools/bin/../lib/gcc/arm-none-eabi/10.3.1/../../../../arm-none-eabi/lib/thumb/v7e-m+fp/hard/libc_nano.a(lib_a-readr.o)
                0x000000000800322c                _read_r
 .text._malloc_usable_size_r
                0x0000000008003250       0x10 /Applications/STM32CubeIDE.app/Contents/Eclipse/plugins/com.st.stm32cube.ide.mcu.externaltools.gnu-tools-for-stm32.10.3-2021.10.macos64_1.0.0.202111181127/tools/bin/../lib/gcc/arm-none-eabi/10.3.1/../../../../arm-none-eabi/lib/thumb/v7e-m+fp/hard/libc_nano.a(lib_a-nano-msizer.o)
                0x0000000008003250                _malloc_usable_size_r
 *(.glue_7)
 .glue_7        0x0000000008003260        0x0 linker stubs
 *(.glue_7t)
 .glue_7t       0x0000000008003260        0x0 linker stubs
 *(.eh_frame)
 .eh_frame      0x0000000008003260        0x0 /Applications/STM32CubeIDE.app/Contents/Eclipse/plugins/com.st.stm32cube.ide.mcu.externaltools.gnu-tools-for-stm32.10.3-2021.10.macos64_1.0.0.202111181127/tools/bin/../lib/gcc/arm-none-eabi/10.3.1/thumb/v7e-m+fp/hard/crtbegin.o
 *(.init)
 .init          0x0000000008003260        0x4 /Applications/STM32CubeIDE.app/Contents/Eclipse/plugins/com.st.stm32cube.ide.mcu.externaltools.gnu-tools-for-stm32.10.3-2021.10.macos64_1.0.0.202111181127/tools/bin/../lib/gcc/arm-none-eabi/10.3.1/thumb/v7e-m+fp/hard/crti.o
                0x0000000008003260                _init
 .init          0x0000000008003264        0x8 /Applications/STM32CubeIDE.app/Contents/Eclipse/plugins/com.st.stm32cube.ide.mcu.externaltools.gnu-tools-for-stm32.10.3-2021.10.macos64_1.0.0.202111181127/tools/bin/../lib/gcc/arm-none-eabi/10.3.1/thumb/v7e-m+fp/hard/crtn.o
 *(.fini)
 .fini          0x000000000800326c        0x4 /Applications/STM32CubeIDE.app/Contents/Eclipse/plugins/com.st.stm32cube.ide.mcu.externaltools.gnu-tools-for-stm32.10.3-2021.10.macos64_1.0.0.202111181127/tools/bin/../lib/gcc/arm-none-eabi/10.3.1/thumb/v7e-m+fp/hard/crti.o
                0x000000000800326c                _fini
 .fini          0x0000000008003270        0x8 /Applications/STM32CubeIDE.app/Contents/Eclipse/plugins/com.st.stm32cube.ide.mcu.externaltools.gnu-tools-for-stm32.10.3-2021.10.macos64_1.0.0.202111181127/tools/bin/../lib/gcc/arm-none-eabi/10.3.1/thumb/v7e-m+fp/hard/crtn.o
                0x0000000008003278                . = ALIGN (0x4)
                0x0000000008003278                _etext = .

.vfp11_veneer   0x0000000008003278        0x0
 .vfp11_veneer  0x0000000008003278        0x0 linker stubs

.v4_bx          0x0000000008003278        0x0
 .v4_bx         0x0000000008003278        0x0 linker stubs

.iplt           0x0000000008003278        0x0
 .iplt          0x0000000008003278        0x0 /Applications/STM32CubeIDE.app/Contents/Eclipse/plugins/com.st.stm32cube.ide.mcu.externaltools.gnu-tools-for-stm32.10.3-2021.10.macos64_1.0.0.202111181127/tools/bin/../lib/gcc/arm-none-eabi/10.3.1/thumb/v7e-m+fp/hard/crtbegin.o

.rodata         0x0000000008003278      0x940
                0x0000000008003278                . = ALIGN (0x4)
 *(.rodata)
 .rodata        0x0000000008003278       0xb5 ./Core/Src/commandHandler.o
 *fill*         0x000000000800332d        0x3 
 .rodata        0x0000000008003330      0x113 ./Core/Src/commands.o
 *fill*         0x0000000008003443        0x1 
 .rodata        0x0000000008003444        0xb ./Core/Src/inputHandler.o
 *fill*         0x000000000800344f        0x1 
 .rodata        0x0000000008003450       0x34 ./Core/Src/songParser.o
 *(.rodata*)
 .rodata._global_impure_ptr
                0x0000000008003484        0x4 /Applications/STM32CubeIDE.app/Contents/Eclipse/plugins/com.st.stm32cube.ide.mcu.externaltools.gnu-tools-for-stm32.10.3-2021.10.macos64_1.0.0.202111181127/tools/bin/../lib/gcc/arm-none-eabi/10.3.1/../../../../arm-none-eabi/lib/thumb/v7e-m+fp/hard/libc_nano.a(lib_a-impure.o)
                0x0000000008003484                _global_impure_ptr
 .rodata._perror_r.str1.1
                0x0000000008003488        0x5 /Applications/STM32CubeIDE.app/Contents/Eclipse/plugins/com.st.stm32cube.ide.mcu.externaltools.gnu-tools-for-stm32.10.3-2021.10.macos64_1.0.0.202111181127/tools/bin/../lib/gcc/arm-none-eabi/10.3.1/../../../../arm-none-eabi/lib/thumb/v7e-m+fp/hard/libc_nano.a(lib_a-perror.o)
 .rodata._strerror_r.str1.1
                0x000000000800348d      0x696 /Applications/STM32CubeIDE.app/Contents/Eclipse/plugins/com.st.stm32cube.ide.mcu.externaltools.gnu-tools-for-stm32.10.3-2021.10.macos64_1.0.0.202111181127/tools/bin/../lib/gcc/arm-none-eabi/10.3.1/../../../../arm-none-eabi/lib/thumb/v7e-m+fp/hard/libc_nano.a(lib_a-strerror.o)
                                        0x697 (size before relaxing)
 *fill*         0x0000000008003b23        0x1 
 .rodata.__sf_fake_stderr
                0x0000000008003b24       0x20 /Applications/STM32CubeIDE.app/Contents/Eclipse/plugins/com.st.stm32cube.ide.mcu.externaltools.gnu-tools-for-stm32.10.3-2021.10.macos64_1.0.0.202111181127/tools/bin/../lib/gcc/arm-none-eabi/10.3.1/../../../../arm-none-eabi/lib/thumb/v7e-m+fp/hard/libc_nano.a(lib_a-findfp.o)
                0x0000000008003b24                __sf_fake_stderr
 .rodata.__sf_fake_stdin
                0x0000000008003b44       0x20 /Applications/STM32CubeIDE.app/Contents/Eclipse/plugins/com.st.stm32cube.ide.mcu.externaltools.gnu-tools-for-stm32.10.3-2021.10.macos64_1.0.0.202111181127/tools/bin/../lib/gcc/arm-none-eabi/10.3.1/../../../../arm-none-eabi/lib/thumb/v7e-m+fp/hard/libc_nano.a(lib_a-findfp.o)
                0x0000000008003b44                __sf_fake_stdin
 .rodata.__sf_fake_stdout
                0x0000000008003b64       0x20 /Applications/STM32CubeIDE.app/Contents/Eclipse/plugins/com.st.stm32cube.ide.mcu.externaltools.gnu-tools-for-stm32.10.3-2021.10.macos64_1.0.0.202111181127/tools/bin/../lib/gcc/arm-none-eabi/10.3.1/../../../../arm-none-eabi/lib/thumb/v7e-m+fp/hard/libc_nano.a(lib_a-findfp.o)
                0x0000000008003b64                __sf_fake_stdout
 .rodata._svfprintf_r.str1.1
                0x0000000008003b84       0x11 /Applications/STM32CubeIDE.app/Contents/Eclipse/plugins/com.st.stm32cube.ide.mcu.externaltools.gnu-tools-for-stm32.10.3-2021.10.macos64_1.0.0.202111181127/tools/bin/../lib/gcc/arm-none-eabi/10.3.1/../../../../arm-none-eabi/lib/thumb/v7e-m+fp/hard/libc_nano.a(lib_a-nano-svfprintf.o)
 .rodata._printf_i.str1.1
                0x0000000008003b95       0x22 /Applications/STM32CubeIDE.app/Contents/Eclipse/plugins/com.st.stm32cube.ide.mcu.externaltools.gnu-tools-for-stm32.10.3-2021.10.macos64_1.0.0.202111181127/tools/bin/../lib/gcc/arm-none-eabi/10.3.1/../../../../arm-none-eabi/lib/thumb/v7e-m+fp/hard/libc_nano.a(lib_a-nano-vfprintf_i.o)
                0x0000000008003bb8                . = ALIGN (0x4)
 *fill*         0x0000000008003bb7        0x1 

.rel.dyn        0x0000000008003bb8        0x0
 .rel.iplt      0x0000000008003bb8        0x0 /Applications/STM32CubeIDE.app/Contents/Eclipse/plugins/com.st.stm32cube.ide.mcu.externaltools.gnu-tools-for-stm32.10.3-2021.10.macos64_1.0.0.202111181127/tools/bin/../lib/gcc/arm-none-eabi/10.3.1/thumb/v7e-m+fp/hard/crtbegin.o

.ARM.extab      0x0000000008003bb8        0x0
                0x0000000008003bb8                . = ALIGN (0x4)
 *(.ARM.extab* .gnu.linkonce.armextab.*)
                0x0000000008003bb8                . = ALIGN (0x4)

.ARM            0x0000000008003bb8        0x0
                0x0000000008003bb8                . = ALIGN (0x4)
                0x0000000008003bb8                __exidx_start = .
 *(.ARM.exidx*)
                0x0000000008003bb8                __exidx_end = .
                0x0000000008003bb8                . = ALIGN (0x4)

.preinit_array  0x0000000008003bb8        0x0
                0x0000000008003bb8                . = ALIGN (0x4)
                0x0000000008003bb8                PROVIDE (__preinit_array_start = .)
 *(.preinit_array*)
                0x0000000008003bb8                PROVIDE (__preinit_array_end = .)
                0x0000000008003bb8                . = ALIGN (0x4)

.init_array     0x0000000008003bb8        0x4
                0x0000000008003bb8                . = ALIGN (0x4)
                0x0000000008003bb8                PROVIDE (__init_array_start = .)
 *(SORT_BY_NAME(.init_array.*))
 *(.init_array*)
 .init_array    0x0000000008003bb8        0x4 /Applications/STM32CubeIDE.app/Contents/Eclipse/plugins/com.st.stm32cube.ide.mcu.externaltools.gnu-tools-for-stm32.10.3-2021.10.macos64_1.0.0.202111181127/tools/bin/../lib/gcc/arm-none-eabi/10.3.1/thumb/v7e-m+fp/hard/crtbegin.o
                0x0000000008003bbc                PROVIDE (__init_array_end = .)
                0x0000000008003bbc                . = ALIGN (0x4)

.fini_array     0x0000000008003bbc        0x4
                0x0000000008003bbc                . = ALIGN (0x4)
                [!provide]                        PROVIDE (__fini_array_start = .)
 *(SORT_BY_NAME(.fini_array.*))
 *(.fini_array*)
 .fini_array    0x0000000008003bbc        0x4 /Applications/STM32CubeIDE.app/Contents/Eclipse/plugins/com.st.stm32cube.ide.mcu.externaltools.gnu-tools-for-stm32.10.3-2021.10.macos64_1.0.0.202111181127/tools/bin/../lib/gcc/arm-none-eabi/10.3.1/thumb/v7e-m+fp/hard/crtbegin.o
                [!provide]                        PROVIDE (__fini_array_end = .)
                0x0000000008003bc0                . = ALIGN (0x4)
                0x0000000008003bc0                _sidata = LOADADDR (.data)

.data           0x0000000020000000    0x11714 load address 0x0000000008003bc0
                0x0000000020000000                . = ALIGN (0x4)
                0x0000000020000000                _sdata = .
 *(.data)
 *(.data*)
 .data.song0    0x0000000020000000      0x20f ./Core/Src/commands.o
                0x0000000020000000                song0
 *fill*         0x000000002000020f        0x1 
 .data.song1    0x0000000020000210      0x26a ./Core/Src/commands.o
                0x0000000020000210                song1
 *fill*         0x000000002000047a        0x2 
 .data.song2    0x000000002000047c      0x39f ./Core/Src/commands.o
                0x000000002000047c                song2
 *fill*         0x000000002000081b        0x1 
 .data.song3    0x000000002000081c     0x21df ./Core/Src/commands.o
                0x000000002000081c                song3
 *fill*         0x00000000200029fb        0x1 
 .data.song4    0x00000000200029fc     0x44fa ./Core/Src/commands.o
                0x00000000200029fc                song4
 *fill*         0x0000000020006ef6        0x2 
 .data.song5    0x0000000020006ef8     0xa57e ./Core/Src/commands.o
                0x0000000020006ef8                song5
 *fill*         0x0000000020011476        0x2 
 .data.songs    0x0000000020011478       0x30 ./Core/Src/commands.o
                0x0000000020011478                songs
 .data.sys      0x00000000200114a8        0x4 ./Core/Src/demo.o
                0x00000000200114a8                sys
 .data.notes    0x00000000200114ac      0x200 ./Core/Src/tone.o
 .data.uwTickFreq
                0x00000000200116ac        0x1 ./Drivers/STM32L4xx_HAL_Driver/Src/stm32l4xx_hal.o
                0x00000000200116ac                uwTickFreq
 *fill*         0x00000000200116ad        0x3 
 .data._impure_ptr
                0x00000000200116b0        0x4 /Applications/STM32CubeIDE.app/Contents/Eclipse/plugins/com.st.stm32cube.ide.mcu.externaltools.gnu-tools-for-stm32.10.3-2021.10.macos64_1.0.0.202111181127/tools/bin/../lib/gcc/arm-none-eabi/10.3.1/../../../../arm-none-eabi/lib/thumb/v7e-m+fp/hard/libc_nano.a(lib_a-impure.o)
                0x00000000200116b0                _impure_ptr
 .data.impure_data
                0x00000000200116b4       0x60 /Applications/STM32CubeIDE.app/Contents/Eclipse/plugins/com.st.stm32cube.ide.mcu.externaltools.gnu-tools-for-stm32.10.3-2021.10.macos64_1.0.0.202111181127/tools/bin/../lib/gcc/arm-none-eabi/10.3.1/../../../../arm-none-eabi/lib/thumb/v7e-m+fp/hard/libc_nano.a(lib_a-impure.o)
 *(.RamFunc)
 *(.RamFunc*)
                0x0000000020011714                . = ALIGN (0x4)
                0x0000000020011714                _edata = .

.igot.plt       0x0000000020011714        0x0 load address 0x00000000080152d4
 .igot.plt      0x0000000020011714        0x0 /Applications/STM32CubeIDE.app/Contents/Eclipse/plugins/com.st.stm32cube.ide.mcu.externaltools.gnu-tools-for-stm32.10.3-2021.10.macos64_1.0.0.202111181127/tools/bin/../lib/gcc/arm-none-eabi/10.3.1/thumb/v7e-m+fp/hard/crtbegin.o
                0x0000000020011714                . = ALIGN (0x4)

.bss            0x0000000020011714       0x80 load address 0x00000000080152d4
                0x0000000020011714                _sbss = .
                0x0000000020011714                __bss_start__ = _sbss
 *(.bss)
 .bss           0x0000000020011714       0x1c /Applications/STM32CubeIDE.app/Contents/Eclipse/plugins/com.st.stm32cube.ide.mcu.externaltools.gnu-tools-for-stm32.10.3-2021.10.macos64_1.0.0.202111181127/tools/bin/../lib/gcc/arm-none-eabi/10.3.1/thumb/v7e-m+fp/hard/crtbegin.o
 *(.bss*)
 .bss.flag      0x0000000020011730        0x4 ./Core/Src/commands.o
                0x0000000020011730                flag
 .bss.song_c    0x0000000020011734        0x4 ./Core/Src/commands.o
                0x0000000020011734                song_c
 .bss.local     0x0000000020011738        0x4 ./Core/Src/commands.o
                0x0000000020011738                local
 .bss.local_c   0x000000002001173c        0x4 ./Core/Src/commands.o
                0x000000002001173c                local_c
 .bss.press_flag
                0x0000000020011740        0x4 ./Core/Src/commands.o
                0x0000000020011740                press_flag
 .bss.press_start
                0x0000000020011744        0x4 ./Core/Src/commands.o
                0x0000000020011744                press_start
 .bss.curr      0x0000000020011748        0x4 ./Core/Src/commands.o
                0x0000000020011748                curr
 .bss.hdac1     0x000000002001174c       0x14 ./Core/Src/dac.o
                0x000000002001174c                hdac1
 .bss.one_second_elapsed
                0x0000000020011760        0x1 ./Core/Src/demo.o
 *fill*         0x0000000020011761        0x3 
 .bss.millis    0x0000000020011764        0x4 ./Core/Src/demo.o
                0x0000000020011764                millis
 .bss.counter   0x0000000020011768        0x4 ./Core/Src/demo.o
 .bss.__sbrk_heap_end
                0x000000002001176c        0x4 ./Core/Src/sysmem.o
 .bss.tones     0x0000000020011770        0x4 ./Core/Src/tone.o
 .bss.note_c    0x0000000020011774        0x4 ./Core/Src/tone.o
                0x0000000020011774                note_c
 .bss.play      0x0000000020011778        0x4 ./Core/Src/tone.o
                0x0000000020011778                play
 .bss.duration  0x000000002001177c        0x4 ./Core/Src/tone.o
                0x000000002001177c                duration
 .bss.uwTick    0x0000000020011780        0x4 ./Drivers/STM32L4xx_HAL_Driver/Src/stm32l4xx_hal.o
                0x0000000020011780                uwTick
 .bss.__lock___malloc_recursive_mutex
                0x0000000020011784        0x1 /Applications/STM32CubeIDE.app/Contents/Eclipse/plugins/com.st.stm32cube.ide.mcu.externaltools.gnu-tools-for-stm32.10.3-2021.10.macos64_1.0.0.202111181127/tools/bin/../lib/gcc/arm-none-eabi/10.3.1/../../../../arm-none-eabi/lib/thumb/v7e-m+fp/hard/libc_nano.a(lib_a-lock.o)
                0x0000000020011784                __lock___malloc_recursive_mutex
 .bss.__lock___sfp_recursive_mutex
                0x0000000020011785        0x1 /Applications/STM32CubeIDE.app/Contents/Eclipse/plugins/com.st.stm32cube.ide.mcu.externaltools.gnu-tools-for-stm32.10.3-2021.10.macos64_1.0.0.202111181127/tools/bin/../lib/gcc/arm-none-eabi/10.3.1/../../../../arm-none-eabi/lib/thumb/v7e-m+fp/hard/libc_nano.a(lib_a-lock.o)
                0x0000000020011785                __lock___sfp_recursive_mutex
 .bss.__lock___sinit_recursive_mutex
                0x0000000020011786        0x1 /Applications/STM32CubeIDE.app/Contents/Eclipse/plugins/com.st.stm32cube.ide.mcu.externaltools.gnu-tools-for-stm32.10.3-2021.10.macos64_1.0.0.202111181127/tools/bin/../lib/gcc/arm-none-eabi/10.3.1/../../../../arm-none-eabi/lib/thumb/v7e-m+fp/hard/libc_nano.a(lib_a-lock.o)
                0x0000000020011786                __lock___sinit_recursive_mutex
 *fill*         0x0000000020011787        0x1 
 .bss.__malloc_free_list
                0x0000000020011788        0x4 /Applications/STM32CubeIDE.app/Contents/Eclipse/plugins/com.st.stm32cube.ide.mcu.externaltools.gnu-tools-for-stm32.10.3-2021.10.macos64_1.0.0.202111181127/tools/bin/../lib/gcc/arm-none-eabi/10.3.1/../../../../arm-none-eabi/lib/thumb/v7e-m+fp/hard/libc_nano.a(lib_a-nano-mallocr.o)
                0x0000000020011788                __malloc_free_list
 .bss.__malloc_sbrk_start
                0x000000002001178c        0x4 /Applications/STM32CubeIDE.app/Contents/Eclipse/plugins/com.st.stm32cube.ide.mcu.externaltools.gnu-tools-for-stm32.10.3-2021.10.macos64_1.0.0.202111181127/tools/bin/../lib/gcc/arm-none-eabi/10.3.1/../../../../arm-none-eabi/lib/thumb/v7e-m+fp/hard/libc_nano.a(lib_a-nano-mallocr.o)
                0x000000002001178c                __malloc_sbrk_start
 .bss.errno     0x0000000020011790        0x4 /Applications/STM32CubeIDE.app/Contents/Eclipse/plugins/com.st.stm32cube.ide.mcu.externaltools.gnu-tools-for-stm32.10.3-2021.10.macos64_1.0.0.202111181127/tools/bin/../lib/gcc/arm-none-eabi/10.3.1/../../../../arm-none-eabi/lib/thumb/v7e-m+fp/hard/libc_nano.a(lib_a-reent.o)
                0x0000000020011790                errno
 *(COMMON)
                0x0000000020011794                . = ALIGN (0x4)
                0x0000000020011794                _ebss = .
                0x0000000020011794                __bss_end__ = _ebss

._user_heap_stack
                0x0000000020011794      0x604 load address 0x00000000080152d4
                0x0000000020011798                . = ALIGN (0x8)
 *fill*         0x0000000020011794        0x4 
                [!provide]                        PROVIDE (end = .)
                0x0000000020011798                PROVIDE (_end = .)
                0x0000000020011998                . = (. + _Min_Heap_Size)
 *fill*         0x0000000020011798      0x200 
                0x0000000020011d98                . = (. + _Min_Stack_Size)
 *fill*         0x0000000020011998      0x400 
                0x0000000020011d98                . = ALIGN (0x8)

/DISCARD/
 libc.a(*)
 libm.a(*)
 libgcc.a(*)

.ARM.attributes
                0x0000000000000000       0x30
 *(.ARM.attributes)
 .ARM.attributes
                0x0000000000000000       0x1e /Applications/STM32CubeIDE.app/Contents/Eclipse/plugins/com.st.stm32cube.ide.mcu.externaltools.gnu-tools-for-stm32.10.3-2021.10.macos64_1.0.0.202111181127/tools/bin/../lib/gcc/arm-none-eabi/10.3.1/thumb/v7e-m+fp/hard/crti.o
 .ARM.attributes
                0x000000000000001e       0x34 /Applications/STM32CubeIDE.app/Contents/Eclipse/plugins/com.st.stm32cube.ide.mcu.externaltools.gnu-tools-for-stm32.10.3-2021.10.macos64_1.0.0.202111181127/tools/bin/../lib/gcc/arm-none-eabi/10.3.1/thumb/v7e-m+fp/hard/crtbegin.o
 .ARM.attributes
                0x0000000000000052       0x34 ./Core/Src/GPIO.o
 .ARM.attributes
                0x0000000000000086       0x34 ./Core/Src/LED.o
 .ARM.attributes
                0x00000000000000ba       0x34 ./Core/Src/SysClock.o
 .ARM.attributes
                0x00000000000000ee       0x34 ./Core/Src/UART.o
 .ARM.attributes
                0x0000000000000122       0x34 ./Core/Src/adc_demo.o
 .ARM.attributes
                0x0000000000000156       0x34 ./Core/Src/commandHandler.o
 .ARM.attributes
                0x000000000000018a       0x34 ./Core/Src/commands.o
 .ARM.attributes
                0x00000000000001be       0x34 ./Core/Src/dac.o
 .ARM.attributes
                0x00000000000001f2       0x34 ./Core/Src/demo.o
 .ARM.attributes
                0x0000000000000226       0x34 ./Core/Src/inputHandler.o
 .ARM.attributes
                0x000000000000025a       0x34 ./Core/Src/main.o
 .ARM.attributes
                0x000000000000028e       0x34 ./Core/Src/printf.o
 .ARM.attributes
                0x00000000000002c2       0x34 ./Core/Src/songParser.o
 .ARM.attributes
                0x00000000000002f6       0x34 ./Core/Src/syscalls.o
 .ARM.attributes
                0x000000000000032a       0x34 ./Core/Src/sysmem.o
 .ARM.attributes
                0x000000000000035e       0x34 ./Core/Src/system_stm32l4xx.o
 .ARM.attributes
                0x0000000000000392       0x34 ./Core/Src/tone.o
 .ARM.attributes
                0x00000000000003c6       0x21 ./Core/Startup/startup_stm32l476rgtx.o
 .ARM.attributes
                0x00000000000003e7       0x34 ./Drivers/STM32L4xx_HAL_Driver/Src/stm32l4xx_hal.o
 .ARM.attributes
                0x000000000000041b       0x34 ./Drivers/STM32L4xx_HAL_Driver/Src/stm32l4xx_hal_cortex.o
 .ARM.attributes
                0x000000000000044f       0x34 ./Drivers/STM32L4xx_HAL_Driver/Src/stm32l4xx_hal_dac.o
 .ARM.attributes
                0x0000000000000483       0x34 ./Drivers/STM32L4xx_HAL_Driver/Src/stm32l4xx_hal_gpio.o
 .ARM.attributes
                0x00000000000004b7       0x34 /Applications/STM32CubeIDE.app/Contents/Eclipse/plugins/com.st.stm32cube.ide.mcu.externaltools.gnu-tools-for-stm32.10.3-2021.10.macos64_1.0.0.202111181127/tools/bin/../lib/gcc/arm-none-eabi/10.3.1/../../../../arm-none-eabi/lib/thumb/v7e-m+fp/hard/libc_nano.a(lib_a-errno.o)
 .ARM.attributes
                0x00000000000004eb       0x34 /Applications/STM32CubeIDE.app/Contents/Eclipse/plugins/com.st.stm32cube.ide.mcu.externaltools.gnu-tools-for-stm32.10.3-2021.10.macos64_1.0.0.202111181127/tools/bin/../lib/gcc/arm-none-eabi/10.3.1/../../../../arm-none-eabi/lib/thumb/v7e-m+fp/hard/libc_nano.a(lib_a-impure.o)
 .ARM.attributes
                0x000000000000051f       0x34 /Applications/STM32CubeIDE.app/Contents/Eclipse/plugins/com.st.stm32cube.ide.mcu.externaltools.gnu-tools-for-stm32.10.3-2021.10.macos64_1.0.0.202111181127/tools/bin/../lib/gcc/arm-none-eabi/10.3.1/../../../../arm-none-eabi/lib/thumb/v7e-m+fp/hard/libc_nano.a(lib_a-init.o)
 .ARM.attributes
                0x0000000000000553       0x34 /Applications/STM32CubeIDE.app/Contents/Eclipse/plugins/com.st.stm32cube.ide.mcu.externaltools.gnu-tools-for-stm32.10.3-2021.10.macos64_1.0.0.202111181127/tools/bin/../lib/gcc/arm-none-eabi/10.3.1/../../../../arm-none-eabi/lib/thumb/v7e-m+fp/hard/libc_nano.a(lib_a-memset.o)
 .ARM.attributes
                0x0000000000000587       0x34 /Applications/STM32CubeIDE.app/Contents/Eclipse/plugins/com.st.stm32cube.ide.mcu.externaltools.gnu-tools-for-stm32.10.3-2021.10.macos64_1.0.0.202111181127/tools/bin/../lib/gcc/arm-none-eabi/10.3.1/../../../../arm-none-eabi/lib/thumb/v7e-m+fp/hard/libc_nano.a(lib_a-perror.o)
 .ARM.attributes
                0x00000000000005bb       0x1c /Applications/STM32CubeIDE.app/Contents/Eclipse/plugins/com.st.stm32cube.ide.mcu.externaltools.gnu-tools-for-stm32.10.3-2021.10.macos64_1.0.0.202111181127/tools/bin/../lib/gcc/arm-none-eabi/10.3.1/../../../../arm-none-eabi/lib/thumb/v7e-m+fp/hard/libc_nano.a(lib_a-strcmp.o)
 .ARM.attributes
                0x00000000000005d7       0x34 /Applications/STM32CubeIDE.app/Contents/Eclipse/plugins/com.st.stm32cube.ide.mcu.externaltools.gnu-tools-for-stm32.10.3-2021.10.macos64_1.0.0.202111181127/tools/bin/../lib/gcc/arm-none-eabi/10.3.1/../../../../arm-none-eabi/lib/thumb/v7e-m+fp/hard/libc_nano.a(lib_a-strerror.o)
 .ARM.attributes
                0x000000000000060b       0x17 /Applications/STM32CubeIDE.app/Contents/Eclipse/plugins/com.st.stm32cube.ide.mcu.externaltools.gnu-tools-for-stm32.10.3-2021.10.macos64_1.0.0.202111181127/tools/bin/../lib/gcc/arm-none-eabi/10.3.1/../../../../arm-none-eabi/lib/thumb/v7e-m+fp/hard/libc_nano.a(lib_a-strlen.o)
 .ARM.attributes
                0x0000000000000622       0x34 /Applications/STM32CubeIDE.app/Contents/Eclipse/plugins/com.st.stm32cube.ide.mcu.externaltools.gnu-tools-for-stm32.10.3-2021.10.macos64_1.0.0.202111181127/tools/bin/../lib/gcc/arm-none-eabi/10.3.1/../../../../arm-none-eabi/lib/thumb/v7e-m+fp/hard/libc_nano.a(lib_a-u_strerr.o)
 .ARM.attributes
                0x0000000000000656       0x34 /Applications/STM32CubeIDE.app/Contents/Eclipse/plugins/com.st.stm32cube.ide.mcu.externaltools.gnu-tools-for-stm32.10.3-2021.10.macos64_1.0.0.202111181127/tools/bin/../lib/gcc/arm-none-eabi/10.3.1/../../../../arm-none-eabi/lib/thumb/v7e-m+fp/hard/libc_nano.a(lib_a-vsprintf.o)
 .ARM.attributes
                0x000000000000068a       0x34 /Applications/STM32CubeIDE.app/Contents/Eclipse/plugins/com.st.stm32cube.ide.mcu.externaltools.gnu-tools-for-stm32.10.3-2021.10.macos64_1.0.0.202111181127/tools/bin/../lib/gcc/arm-none-eabi/10.3.1/../../../../arm-none-eabi/lib/thumb/v7e-m+fp/hard/libc_nano.a(lib_a-writer.o)
 .ARM.attributes
                0x00000000000006be       0x34 /Applications/STM32CubeIDE.app/Contents/Eclipse/plugins/com.st.stm32cube.ide.mcu.externaltools.gnu-tools-for-stm32.10.3-2021.10.macos64_1.0.0.202111181127/tools/bin/../lib/gcc/arm-none-eabi/10.3.1/../../../../arm-none-eabi/lib/thumb/v7e-m+fp/hard/libc_nano.a(lib_a-fflush.o)
 .ARM.attributes
                0x00000000000006f2       0x34 /Applications/STM32CubeIDE.app/Contents/Eclipse/plugins/com.st.stm32cube.ide.mcu.externaltools.gnu-tools-for-stm32.10.3-2021.10.macos64_1.0.0.202111181127/tools/bin/../lib/gcc/arm-none-eabi/10.3.1/../../../../arm-none-eabi/lib/thumb/v7e-m+fp/hard/libc_nano.a(lib_a-fileno.o)
 .ARM.attributes
                0x0000000000000726       0x34 /Applications/STM32CubeIDE.app/Contents/Eclipse/plugins/com.st.stm32cube.ide.mcu.externaltools.gnu-tools-for-stm32.10.3-2021.10.macos64_1.0.0.202111181127/tools/bin/../lib/gcc/arm-none-eabi/10.3.1/../../../../arm-none-eabi/lib/thumb/v7e-m+fp/hard/libc_nano.a(lib_a-findfp.o)
 .ARM.attributes
                0x000000000000075a       0x34 /Applications/STM32CubeIDE.app/Contents/Eclipse/plugins/com.st.stm32cube.ide.mcu.externaltools.gnu-tools-for-stm32.10.3-2021.10.macos64_1.0.0.202111181127/tools/bin/../lib/gcc/arm-none-eabi/10.3.1/../../../../arm-none-eabi/lib/thumb/v7e-m+fp/hard/libc_nano.a(lib_a-fwalk.o)
 .ARM.attributes
                0x000000000000078e       0x34 /Applications/STM32CubeIDE.app/Contents/Eclipse/plugins/com.st.stm32cube.ide.mcu.externaltools.gnu-tools-for-stm32.10.3-2021.10.macos64_1.0.0.202111181127/tools/bin/../lib/gcc/arm-none-eabi/10.3.1/../../../../arm-none-eabi/lib/thumb/v7e-m+fp/hard/libc_nano.a(lib_a-lock.o)
 .ARM.attributes
                0x00000000000007c2       0x34 /Applications/STM32CubeIDE.app/Contents/Eclipse/plugins/com.st.stm32cube.ide.mcu.externaltools.gnu-tools-for-stm32.10.3-2021.10.macos64_1.0.0.202111181127/tools/bin/../lib/gcc/arm-none-eabi/10.3.1/../../../../arm-none-eabi/lib/thumb/v7e-m+fp/hard/libc_nano.a(lib_a-nano-freer.o)
 .ARM.attributes
                0x00000000000007f6       0x34 /Applications/STM32CubeIDE.app/Contents/Eclipse/plugins/com.st.stm32cube.ide.mcu.externaltools.gnu-tools-for-stm32.10.3-2021.10.macos64_1.0.0.202111181127/tools/bin/../lib/gcc/arm-none-eabi/10.3.1/../../../../arm-none-eabi/lib/thumb/v7e-m+fp/hard/libc_nano.a(lib_a-nano-mallocr.o)
 .ARM.attributes
                0x000000000000082a       0x34 /Applications/STM32CubeIDE.app/Contents/Eclipse/plugins/com.st.stm32cube.ide.mcu.externaltools.gnu-tools-for-stm32.10.3-2021.10.macos64_1.0.0.202111181127/tools/bin/../lib/gcc/arm-none-eabi/10.3.1/../../../../arm-none-eabi/lib/thumb/v7e-m+fp/hard/libc_nano.a(lib_a-nano-svfprintf.o)
 .ARM.attributes
                0x000000000000085e       0x34 /Applications/STM32CubeIDE.app/Contents/Eclipse/plugins/com.st.stm32cube.ide.mcu.externaltools.gnu-tools-for-stm32.10.3-2021.10.macos64_1.0.0.202111181127/tools/bin/../lib/gcc/arm-none-eabi/10.3.1/../../../../arm-none-eabi/lib/thumb/v7e-m+fp/hard/libc_nano.a(lib_a-nano-vfprintf_i.o)
 .ARM.attributes
                0x0000000000000892       0x34 /Applications/STM32CubeIDE.app/Contents/Eclipse/plugins/com.st.stm32cube.ide.mcu.externaltools.gnu-tools-for-stm32.10.3-2021.10.macos64_1.0.0.202111181127/tools/bin/../lib/gcc/arm-none-eabi/10.3.1/../../../../arm-none-eabi/lib/thumb/v7e-m+fp/hard/libc_nano.a(lib_a-reent.o)
 .ARM.attributes
                0x00000000000008c6       0x34 /Applications/STM32CubeIDE.app/Contents/Eclipse/plugins/com.st.stm32cube.ide.mcu.externaltools.gnu-tools-for-stm32.10.3-2021.10.macos64_1.0.0.202111181127/tools/bin/../lib/gcc/arm-none-eabi/10.3.1/../../../../arm-none-eabi/lib/thumb/v7e-m+fp/hard/libc_nano.a(lib_a-sbrkr.o)
 .ARM.attributes
                0x00000000000008fa       0x34 /Applications/STM32CubeIDE.app/Contents/Eclipse/plugins/com.st.stm32cube.ide.mcu.externaltools.gnu-tools-for-stm32.10.3-2021.10.macos64_1.0.0.202111181127/tools/bin/../lib/gcc/arm-none-eabi/10.3.1/../../../../arm-none-eabi/lib/thumb/v7e-m+fp/hard/libc_nano.a(lib_a-stdio.o)
 .ARM.attributes
                0x000000000000092e       0x34 /Applications/STM32CubeIDE.app/Contents/Eclipse/plugins/com.st.stm32cube.ide.mcu.externaltools.gnu-tools-for-stm32.10.3-2021.10.macos64_1.0.0.202111181127/tools/bin/../lib/gcc/arm-none-eabi/10.3.1/../../../../arm-none-eabi/lib/thumb/v7e-m+fp/hard/libc_nano.a(lib_a-closer.o)
 .ARM.attributes
                0x0000000000000962       0x34 /Applications/STM32CubeIDE.app/Contents/Eclipse/plugins/com.st.stm32cube.ide.mcu.externaltools.gnu-tools-for-stm32.10.3-2021.10.macos64_1.0.0.202111181127/tools/bin/../lib/gcc/arm-none-eabi/10.3.1/../../../../arm-none-eabi/lib/thumb/v7e-m+fp/hard/libc_nano.a(lib_a-lseekr.o)
 .ARM.attributes
                0x0000000000000996       0x1c /Applications/STM32CubeIDE.app/Contents/Eclipse/plugins/com.st.stm32cube.ide.mcu.externaltools.gnu-tools-for-stm32.10.3-2021.10.macos64_1.0.0.202111181127/tools/bin/../lib/gcc/arm-none-eabi/10.3.1/../../../../arm-none-eabi/lib/thumb/v7e-m+fp/hard/libc_nano.a(lib_a-memchr.o)
 .ARM.attributes
                0x00000000000009b2       0x34 /Applications/STM32CubeIDE.app/Contents/Eclipse/plugins/com.st.stm32cube.ide.mcu.externaltools.gnu-tools-for-stm32.10.3-2021.10.macos64_1.0.0.202111181127/tools/bin/../lib/gcc/arm-none-eabi/10.3.1/../../../../arm-none-eabi/lib/thumb/v7e-m+fp/hard/libc_nano.a(lib_a-memcpy-stub.o)
 .ARM.attributes
                0x00000000000009e6       0x34 /Applications/STM32CubeIDE.app/Contents/Eclipse/plugins/com.st.stm32cube.ide.mcu.externaltools.gnu-tools-for-stm32.10.3-2021.10.macos64_1.0.0.202111181127/tools/bin/../lib/gcc/arm-none-eabi/10.3.1/../../../../arm-none-eabi/lib/thumb/v7e-m+fp/hard/libc_nano.a(lib_a-memmove.o)
 .ARM.attributes
                0x0000000000000a1a       0x34 /Applications/STM32CubeIDE.app/Contents/Eclipse/plugins/com.st.stm32cube.ide.mcu.externaltools.gnu-tools-for-stm32.10.3-2021.10.macos64_1.0.0.202111181127/tools/bin/../lib/gcc/arm-none-eabi/10.3.1/../../../../arm-none-eabi/lib/thumb/v7e-m+fp/hard/libc_nano.a(lib_a-mlock.o)
 .ARM.attributes
                0x0000000000000a4e       0x34 /Applications/STM32CubeIDE.app/Contents/Eclipse/plugins/com.st.stm32cube.ide.mcu.externaltools.gnu-tools-for-stm32.10.3-2021.10.macos64_1.0.0.202111181127/tools/bin/../lib/gcc/arm-none-eabi/10.3.1/../../../../arm-none-eabi/lib/thumb/v7e-m+fp/hard/libc_nano.a(lib_a-nano-reallocr.o)
 .ARM.attributes
                0x0000000000000a82       0x34 /Applications/STM32CubeIDE.app/Contents/Eclipse/plugins/com.st.stm32cube.ide.mcu.externaltools.gnu-tools-for-stm32.10.3-2021.10.macos64_1.0.0.202111181127/tools/bin/../lib/gcc/arm-none-eabi/10.3.1/../../../../arm-none-eabi/lib/thumb/v7e-m+fp/hard/libc_nano.a(lib_a-readr.o)
 .ARM.attributes
                0x0000000000000ab6       0x34 /Applications/STM32CubeIDE.app/Contents/Eclipse/plugins/com.st.stm32cube.ide.mcu.externaltools.gnu-tools-for-stm32.10.3-2021.10.macos64_1.0.0.202111181127/tools/bin/../lib/gcc/arm-none-eabi/10.3.1/../../../../arm-none-eabi/lib/thumb/v7e-m+fp/hard/libc_nano.a(lib_a-nano-msizer.o)
 .ARM.attributes
                0x0000000000000aea       0x1e /Applications/STM32CubeIDE.app/Contents/Eclipse/plugins/com.st.stm32cube.ide.mcu.externaltools.gnu-tools-for-stm32.10.3-2021.10.macos64_1.0.0.202111181127/tools/bin/../lib/gcc/arm-none-eabi/10.3.1/thumb/v7e-m+fp/hard/crtn.o
OUTPUT(LED_Joystick.elf elf32-littlearm)
LOAD linker stubs
LOAD /Applications/STM32CubeIDE.app/Contents/Eclipse/plugins/com.st.stm32cube.ide.mcu.externaltools.gnu-tools-for-stm32.10.3-2021.10.macos64_1.0.0.202111181127/tools/bin/../lib/gcc/arm-none-eabi/10.3.1/../../../../arm-none-eabi/lib/thumb/v7e-m+fp/hard/libc.a
LOAD /Applications/STM32CubeIDE.app/Contents/Eclipse/plugins/com.st.stm32cube.ide.mcu.externaltools.gnu-tools-for-stm32.10.3-2021.10.macos64_1.0.0.202111181127/tools/bin/../lib/gcc/arm-none-eabi/10.3.1/../../../../arm-none-eabi/lib/thumb/v7e-m+fp/hard/libm.a
LOAD /Applications/STM32CubeIDE.app/Contents/Eclipse/plugins/com.st.stm32cube.ide.mcu.externaltools.gnu-tools-for-stm32.10.3-2021.10.macos64_1.0.0.202111181127/tools/bin/../lib/gcc/arm-none-eabi/10.3.1/thumb/v7e-m+fp/hard/libgcc.a

.debug_info     0x0000000000000000     0x7019
 .debug_info    0x0000000000000000      0x7b2 ./Core/Src/GPIO.o
 .debug_info    0x00000000000007b2      0x402 ./Core/Src/LED.o
 .debug_info    0x0000000000000bb4      0x3fc ./Core/Src/SysClock.o
 .debug_info    0x0000000000000fb0      0x617 ./Core/Src/UART.o
 .debug_info    0x00000000000015c7      0x18e ./Core/Src/adc_demo.o
 .debug_info    0x0000000000001755      0x129 ./Core/Src/commandHandler.o
 .debug_info    0x000000000000187e      0x397 ./Core/Src/commands.o
 .debug_info    0x0000000000001c15      0xab5 ./Core/Src/dac.o
 .debug_info    0x00000000000026ca      0x1cd ./Core/Src/demo.o
 .debug_info    0x0000000000002897      0x3f5 ./Core/Src/inputHandler.o
 .debug_info    0x0000000000002c8c       0xd1 ./Core/Src/main.o
 .debug_info    0x0000000000002d5d      0x308 ./Core/Src/printf.o
 .debug_info    0x0000000000003065      0x169 ./Core/Src/songParser.o
 .debug_info    0x00000000000031ce      0x6ec ./Core/Src/syscalls.o
 .debug_info    0x00000000000038ba      0x171 ./Core/Src/sysmem.o
 .debug_info    0x0000000000003a2b      0x5e8 ./Core/Src/system_stm32l4xx.o
 .debug_info    0x0000000000004013      0x356 ./Core/Src/tone.o
 .debug_info    0x0000000000004369       0x22 ./Core/Startup/startup_stm32l476rgtx.o
 .debug_info    0x000000000000438b      0xb35 ./Drivers/STM32L4xx_HAL_Driver/Src/stm32l4xx_hal.o
 .debug_info    0x0000000000004ec0      0xe21 ./Drivers/STM32L4xx_HAL_Driver/Src/stm32l4xx_hal_cortex.o
 .debug_info    0x0000000000005ce1      0xb17 ./Drivers/STM32L4xx_HAL_Driver/Src/stm32l4xx_hal_dac.o
 .debug_info    0x00000000000067f8      0x821 ./Drivers/STM32L4xx_HAL_Driver/Src/stm32l4xx_hal_gpio.o

.debug_abbrev   0x0000000000000000     0x1dff
 .debug_abbrev  0x0000000000000000      0x1ac ./Core/Src/GPIO.o
 .debug_abbrev  0x00000000000001ac      0x110 ./Core/Src/LED.o
 .debug_abbrev  0x00000000000002bc       0xc0 ./Core/Src/SysClock.o
 .debug_abbrev  0x000000000000037c      0x16c ./Core/Src/UART.o
 .debug_abbrev  0x00000000000004e8      0x102 ./Core/Src/adc_demo.o
 .debug_abbrev  0x00000000000005ea       0x9e ./Core/Src/commandHandler.o
 .debug_abbrev  0x0000000000000688      0x165 ./Core/Src/commands.o
 .debug_abbrev  0x00000000000007ed      0x203 ./Core/Src/dac.o
 .debug_abbrev  0x00000000000009f0      0x11b ./Core/Src/demo.o
 .debug_abbrev  0x0000000000000b0b      0x193 ./Core/Src/inputHandler.o
 .debug_abbrev  0x0000000000000c9e       0x74 ./Core/Src/main.o
 .debug_abbrev  0x0000000000000d12      0x17c ./Core/Src/printf.o
 .debug_abbrev  0x0000000000000e8e       0xcc ./Core/Src/songParser.o
 .debug_abbrev  0x0000000000000f5a      0x1c4 ./Core/Src/syscalls.o
 .debug_abbrev  0x000000000000111e       0xbb ./Core/Src/sysmem.o
 .debug_abbrev  0x00000000000011d9      0x13b ./Core/Src/system_stm32l4xx.o
 .debug_abbrev  0x0000000000001314      0x1c5 ./Core/Src/tone.o
 .debug_abbrev  0x00000000000014d9       0x12 ./Core/Startup/startup_stm32l476rgtx.o
 .debug_abbrev  0x00000000000014eb      0x23a ./Drivers/STM32L4xx_HAL_Driver/Src/stm32l4xx_hal.o
 .debug_abbrev  0x0000000000001725      0x316 ./Drivers/STM32L4xx_HAL_Driver/Src/stm32l4xx_hal_cortex.o
 .debug_abbrev  0x0000000000001a3b      0x209 ./Drivers/STM32L4xx_HAL_Driver/Src/stm32l4xx_hal_dac.o
 .debug_abbrev  0x0000000000001c44      0x1bb ./Drivers/STM32L4xx_HAL_Driver/Src/stm32l4xx_hal_gpio.o

.debug_aranges  0x0000000000000000      0x790
 .debug_aranges
                0x0000000000000000       0x38 ./Core/Src/GPIO.o
 .debug_aranges
                0x0000000000000038       0x40 ./Core/Src/LED.o
 .debug_aranges
                0x0000000000000078       0x20 ./Core/Src/SysClock.o
 .debug_aranges
                0x0000000000000098       0x58 ./Core/Src/UART.o
 .debug_aranges
                0x00000000000000f0       0x28 ./Core/Src/adc_demo.o
 .debug_aranges
                0x0000000000000118       0x20 ./Core/Src/commandHandler.o
 .debug_aranges
                0x0000000000000138       0x68 ./Core/Src/commands.o
 .debug_aranges
                0x00000000000001a0       0x40 ./Core/Src/dac.o
 .debug_aranges
                0x00000000000001e0       0x48 ./Core/Src/demo.o
 .debug_aranges
                0x0000000000000228       0x20 ./Core/Src/inputHandler.o
 .debug_aranges
                0x0000000000000248       0x20 ./Core/Src/main.o
 .debug_aranges
                0x0000000000000268       0x28 ./Core/Src/printf.o
 .debug_aranges
                0x0000000000000290       0x28 ./Core/Src/songParser.o
 .debug_aranges
                0x00000000000002b8       0xa8 ./Core/Src/syscalls.o
 .debug_aranges
                0x0000000000000360       0x20 ./Core/Src/sysmem.o
 .debug_aranges
                0x0000000000000380       0x28 ./Core/Src/system_stm32l4xx.o
 .debug_aranges
                0x00000000000003a8       0x60 ./Core/Src/tone.o
 .debug_aranges
                0x0000000000000408       0x28 ./Core/Startup/startup_stm32l476rgtx.o
 .debug_aranges
                0x0000000000000430      0x130 ./Drivers/STM32L4xx_HAL_Driver/Src/stm32l4xx_hal.o
 .debug_aranges
                0x0000000000000560      0x118 ./Drivers/STM32L4xx_HAL_Driver/Src/stm32l4xx_hal_cortex.o
 .debug_aranges
                0x0000000000000678       0xc0 ./Drivers/STM32L4xx_HAL_Driver/Src/stm32l4xx_hal_dac.o
 .debug_aranges
                0x0000000000000738       0x58 ./Drivers/STM32L4xx_HAL_Driver/Src/stm32l4xx_hal_gpio.o

.debug_ranges   0x0000000000000000      0x638
 .debug_ranges  0x0000000000000000       0x28 ./Core/Src/GPIO.o
 .debug_ranges  0x0000000000000028       0x30 ./Core/Src/LED.o
 .debug_ranges  0x0000000000000058       0x10 ./Core/Src/SysClock.o
 .debug_ranges  0x0000000000000068       0x48 ./Core/Src/UART.o
 .debug_ranges  0x00000000000000b0       0x18 ./Core/Src/adc_demo.o
 .debug_ranges  0x00000000000000c8       0x10 ./Core/Src/commandHandler.o
 .debug_ranges  0x00000000000000d8       0x58 ./Core/Src/commands.o
 .debug_ranges  0x0000000000000130       0x30 ./Core/Src/dac.o
 .debug_ranges  0x0000000000000160       0x38 ./Core/Src/demo.o
 .debug_ranges  0x0000000000000198       0x10 ./Core/Src/inputHandler.o
 .debug_ranges  0x00000000000001a8       0x10 ./Core/Src/main.o
 .debug_ranges  0x00000000000001b8       0x18 ./Core/Src/printf.o
 .debug_ranges  0x00000000000001d0       0x18 ./Core/Src/songParser.o
 .debug_ranges  0x00000000000001e8       0x98 ./Core/Src/syscalls.o
 .debug_ranges  0x0000000000000280       0x10 ./Core/Src/sysmem.o
 .debug_ranges  0x0000000000000290       0x18 ./Core/Src/system_stm32l4xx.o
 .debug_ranges  0x00000000000002a8       0x50 ./Core/Src/tone.o
 .debug_ranges  0x00000000000002f8       0x20 ./Core/Startup/startup_stm32l476rgtx.o
 .debug_ranges  0x0000000000000318      0x120 ./Drivers/STM32L4xx_HAL_Driver/Src/stm32l4xx_hal.o
 .debug_ranges  0x0000000000000438      0x108 ./Drivers/STM32L4xx_HAL_Driver/Src/stm32l4xx_hal_cortex.o
 .debug_ranges  0x0000000000000540       0xb0 ./Drivers/STM32L4xx_HAL_Driver/Src/stm32l4xx_hal_dac.o
 .debug_ranges  0x00000000000005f0       0x48 ./Drivers/STM32L4xx_HAL_Driver/Src/stm32l4xx_hal_gpio.o

.debug_macro    0x0000000000000000    0x28fb6
 .debug_macro   0x0000000000000000      0x21d ./Core/Src/GPIO.o
 .debug_macro   0x000000000000021d      0xa78 ./Core/Src/GPIO.o
 .debug_macro   0x0000000000000c95       0x5e ./Core/Src/GPIO.o
 .debug_macro   0x0000000000000cf3       0x10 ./Core/Src/GPIO.o
 .debug_macro   0x0000000000000d03       0x22 ./Core/Src/GPIO.o
 .debug_macro   0x0000000000000d25       0x2e ./Core/Src/GPIO.o
 .debug_macro   0x0000000000000d53       0x28 ./Core/Src/GPIO.o
 .debug_macro   0x0000000000000d7b       0x22 ./Core/Src/GPIO.o
 .debug_macro   0x0000000000000d9d       0x8e ./Core/Src/GPIO.o
 .debug_macro   0x0000000000000e2b       0x51 ./Core/Src/GPIO.o
 .debug_macro   0x0000000000000e7c      0x103 ./Core/Src/GPIO.o
 .debug_macro   0x0000000000000f7f       0x6a ./Core/Src/GPIO.o
 .debug_macro   0x0000000000000fe9      0x1df ./Core/Src/GPIO.o
 .debug_macro   0x00000000000011c8       0x1c ./Core/Src/GPIO.o
 .debug_macro   0x00000000000011e4       0x22 ./Core/Src/GPIO.o
 .debug_macro   0x0000000000001206       0xfb ./Core/Src/GPIO.o
 .debug_macro   0x0000000000001301     0x1011 ./Core/Src/GPIO.o
 .debug_macro   0x0000000000002312      0x11f ./Core/Src/GPIO.o
 .debug_macro   0x0000000000002431    0x1a17a ./Core/Src/GPIO.o
 .debug_macro   0x000000000001c5ab       0x6d ./Core/Src/GPIO.o
 .debug_macro   0x000000000001c618      0x1ad ./Core/Src/GPIO.o
 .debug_macro   0x000000000001c7c5     0x38e6 ./Core/Src/GPIO.o
 .debug_macro   0x00000000000200ab      0x174 ./Core/Src/GPIO.o
 .debug_macro   0x000000000002021f       0x5c ./Core/Src/GPIO.o
 .debug_macro   0x000000000002027b     0x159e ./Core/Src/GPIO.o
 .debug_macro   0x0000000000021819      0x5a5 ./Core/Src/GPIO.o
 .debug_macro   0x0000000000021dbe      0x1b9 ./Core/Src/GPIO.o
 .debug_macro   0x0000000000021f77      0x18b ./Core/Src/GPIO.o
 .debug_macro   0x0000000000022102      0x26b ./Core/Src/GPIO.o
 .debug_macro   0x000000000002236d      0x23d ./Core/Src/GPIO.o
 .debug_macro   0x00000000000225aa      0xf83 ./Core/Src/GPIO.o
 .debug_macro   0x000000000002352d      0x632 ./Core/Src/GPIO.o
 .debug_macro   0x0000000000023b5f      0x30c ./Core/Src/GPIO.o
 .debug_macro   0x0000000000023e6b      0x153 ./Core/Src/GPIO.o
 .debug_macro   0x0000000000023fbe       0xd8 ./Core/Src/GPIO.o
 .debug_macro   0x0000000000024096      0x241 ./Core/Src/GPIO.o
 .debug_macro   0x00000000000242d7      0x37c ./Core/Src/GPIO.o
 .debug_macro   0x0000000000024653       0xd6 ./Core/Src/GPIO.o
 .debug_macro   0x0000000000024729      0x22c ./Core/Src/GPIO.o
 .debug_macro   0x0000000000024955       0x61 ./Core/Src/GPIO.o
 .debug_macro   0x00000000000249b6       0xa5 ./Core/Src/GPIO.o
 .debug_macro   0x0000000000024a5b      0x122 ./Core/Src/GPIO.o
 .debug_macro   0x0000000000024b7d      0x3ef ./Core/Src/GPIO.o
 .debug_macro   0x0000000000024f6c      0x330 ./Core/Src/GPIO.o
 .debug_macro   0x000000000002529c       0xdb ./Core/Src/LED.o
 .debug_macro   0x0000000000025377       0xc9 ./Core/Src/SysClock.o
 .debug_macro   0x0000000000025440       0xdb ./Core/Src/UART.o
 .debug_macro   0x000000000002551b      0x21f ./Core/Src/adc_demo.o
 .debug_macro   0x000000000002573a       0x16 ./Core/Src/adc_demo.o
 .debug_macro   0x0000000000025750      0x1ed ./Core/Src/commandHandler.o
 .debug_macro   0x000000000002593d       0x4c ./Core/Src/commandHandler.o
 .debug_macro   0x0000000000025989       0x1e ./Core/Src/commandHandler.o
 .debug_macro   0x00000000000259a7       0x94 ./Core/Src/commandHandler.o
 .debug_macro   0x0000000000025a3b       0x3c ./Core/Src/commandHandler.o
 .debug_macro   0x0000000000025a77       0x34 ./Core/Src/commandHandler.o
 .debug_macro   0x0000000000025aab       0x16 ./Core/Src/commandHandler.o
 .debug_macro   0x0000000000025ac1       0x57 ./Core/Src/commandHandler.o
 .debug_macro   0x0000000000025b18       0x97 ./Core/Src/commandHandler.o
 .debug_macro   0x0000000000025baf      0x341 ./Core/Src/commandHandler.o
 .debug_macro   0x0000000000025ef0       0xfd ./Core/Src/commandHandler.o
 .debug_macro   0x0000000000025fed       0x10 ./Core/Src/commandHandler.o
 .debug_macro   0x0000000000025ffd       0x16 ./Core/Src/commandHandler.o
 .debug_macro   0x0000000000026013       0x43 ./Core/Src/commandHandler.o
 .debug_macro   0x0000000000026056       0x34 ./Core/Src/commandHandler.o
 .debug_macro   0x000000000002608a       0x10 ./Core/Src/commandHandler.o
 .debug_macro   0x000000000002609a       0x58 ./Core/Src/commandHandler.o
 .debug_macro   0x00000000000260f2       0x71 ./Core/Src/commandHandler.o
 .debug_macro   0x0000000000026163       0x1c ./Core/Src/commandHandler.o
 .debug_macro   0x000000000002617f      0x12a ./Core/Src/commandHandler.o
 .debug_macro   0x00000000000262a9       0x10 ./Core/Src/commandHandler.o
 .debug_macro   0x00000000000262b9       0x1c ./Core/Src/commandHandler.o
 .debug_macro   0x00000000000262d5       0x52 ./Core/Src/commandHandler.o
 .debug_macro   0x0000000000026327       0x22 ./Core/Src/commandHandler.o
 .debug_macro   0x0000000000026349       0x10 ./Core/Src/commandHandler.o
 .debug_macro   0x0000000000026359       0x52 ./Core/Src/commandHandler.o
 .debug_macro   0x00000000000263ab       0xd5 ./Core/Src/commandHandler.o
 .debug_macro   0x0000000000026480       0x1c ./Core/Src/commandHandler.o
 .debug_macro   0x000000000002649c       0x3d ./Core/Src/commandHandler.o
 .debug_macro   0x00000000000264d9       0x16 ./Core/Src/commandHandler.o
 .debug_macro   0x00000000000264ef      0x145 ./Core/Src/commandHandler.o
 .debug_macro   0x0000000000026634       0x16 ./Core/Src/commandHandler.o
 .debug_macro   0x000000000002664a       0x35 ./Core/Src/commandHandler.o
 .debug_macro   0x000000000002667f       0x20 ./Core/Src/commandHandler.o
 .debug_macro   0x000000000002669f      0x232 ./Core/Src/commands.o
 .debug_macro   0x00000000000268d1      0x1fb ./Core/Src/dac.o
 .debug_macro   0x0000000000026acc      0x3c0 ./Core/Src/demo.o
 .debug_macro   0x0000000000026e8c       0x56 ./Core/Src/demo.o
 .debug_macro   0x0000000000026ee2      0x30e ./Core/Src/inputHandler.o
 .debug_macro   0x00000000000271f0       0x10 ./Core/Src/inputHandler.o
 .debug_macro   0x0000000000027200      0x235 ./Core/Src/main.o
 .debug_macro   0x0000000000027435       0x10 ./Core/Src/main.o
 .debug_macro   0x0000000000027445      0x240 ./Core/Src/printf.o
 .debug_macro   0x0000000000027685       0x4c ./Core/Src/printf.o
 .debug_macro   0x00000000000276d1       0x81 ./Core/Src/songParser.o
 .debug_macro   0x0000000000027752      0x24c ./Core/Src/syscalls.o
 .debug_macro   0x000000000002799e       0x10 ./Core/Src/syscalls.o
 .debug_macro   0x00000000000279ae       0x10 ./Core/Src/syscalls.o
 .debug_macro   0x00000000000279be       0x10 ./Core/Src/syscalls.o
 .debug_macro   0x00000000000279ce       0x35 ./Core/Src/syscalls.o
 .debug_macro   0x0000000000027a03      0x12c ./Core/Src/syscalls.o
 .debug_macro   0x0000000000027b2f       0x16 ./Core/Src/syscalls.o
 .debug_macro   0x0000000000027b45       0x16 ./Core/Src/syscalls.o
 .debug_macro   0x0000000000027b5b       0x29 ./Core/Src/syscalls.o
 .debug_macro   0x0000000000027b84       0x10 ./Core/Src/syscalls.o
 .debug_macro   0x0000000000027b94      0x241 ./Core/Src/syscalls.o
 .debug_macro   0x0000000000027dd5       0x1c ./Core/Src/syscalls.o
 .debug_macro   0x0000000000027df1       0x10 ./Core/Src/syscalls.o
 .debug_macro   0x0000000000027e01      0x189 ./Core/Src/syscalls.o
 .debug_macro   0x0000000000027f8a       0x16 ./Core/Src/syscalls.o
 .debug_macro   0x0000000000027fa0       0xce ./Core/Src/syscalls.o
 .debug_macro   0x000000000002806e       0xff ./Core/Src/sysmem.o
 .debug_macro   0x000000000002816d      0x23b ./Core/Src/sysmem.o
 .debug_macro   0x00000000000283a8      0x1ee ./Core/Src/system_stm32l4xx.o
 .debug_macro   0x0000000000028596      0x21c ./Core/Src/tone.o
 .debug_macro   0x00000000000287b2      0x236 ./Drivers/STM32L4xx_HAL_Driver/Src/stm32l4xx_hal.o
 .debug_macro   0x00000000000289e8      0x1e8 ./Drivers/STM32L4xx_HAL_Driver/Src/stm32l4xx_hal_cortex.o
 .debug_macro   0x0000000000028bd0      0x1f7 ./Drivers/STM32L4xx_HAL_Driver/Src/stm32l4xx_hal_dac.o
 .debug_macro   0x0000000000028dc7      0x1ef ./Drivers/STM32L4xx_HAL_Driver/Src/stm32l4xx_hal_gpio.o

.debug_line     0x0000000000000000     0xabe3
 .debug_line    0x0000000000000000      0x7be ./Core/Src/GPIO.o
 .debug_line    0x00000000000007be      0x54d ./Core/Src/LED.o
 .debug_line    0x0000000000000d0b      0x56e ./Core/Src/SysClock.o
 .debug_line    0x0000000000001279      0x685 ./Core/Src/UART.o
 .debug_line    0x00000000000018fe      0x77a ./Core/Src/adc_demo.o
 .debug_line    0x0000000000002078      0x644 ./Core/Src/commandHandler.o
 .debug_line    0x00000000000026bc      0x8ee ./Core/Src/commands.o
 .debug_line    0x0000000000002faa      0x7c0 ./Core/Src/dac.o
 .debug_line    0x000000000000376a      0xa15 ./Core/Src/demo.o
 .debug_line    0x000000000000417f      0x93c ./Core/Src/inputHandler.o
 .debug_line    0x0000000000004abb      0x763 ./Core/Src/main.o
 .debug_line    0x000000000000521e      0x6b8 ./Core/Src/printf.o
 .debug_line    0x00000000000058d6      0x4dd ./Core/Src/songParser.o
 .debug_line    0x0000000000005db3      0x82b ./Core/Src/syscalls.o
 .debug_line    0x00000000000065de      0x521 ./Core/Src/sysmem.o
 .debug_line    0x0000000000006aff      0x7f8 ./Core/Src/system_stm32l4xx.o
 .debug_line    0x00000000000072f7      0x8fc ./Core/Src/tone.o
 .debug_line    0x0000000000007bf3       0x88 ./Core/Startup/startup_stm32l476rgtx.o
 .debug_line    0x0000000000007c7b      0xb1d ./Drivers/STM32L4xx_HAL_Driver/Src/stm32l4xx_hal.o
 .debug_line    0x0000000000008798      0xcc4 ./Drivers/STM32L4xx_HAL_Driver/Src/stm32l4xx_hal_cortex.o
 .debug_line    0x000000000000945c      0xbf6 ./Drivers/STM32L4xx_HAL_Driver/Src/stm32l4xx_hal_dac.o
 .debug_line    0x000000000000a052      0xb91 ./Drivers/STM32L4xx_HAL_Driver/Src/stm32l4xx_hal_gpio.o

.debug_str      0x0000000000000000    0xf8e5d
 .debug_str     0x0000000000000000    0xf1e90 ./Core/Src/GPIO.o
                                      0xf2402 (size before relaxing)
 .debug_str     0x00000000000f1e90       0x97 ./Core/Src/LED.o
                                      0x9e2ac (size before relaxing)
 .debug_str     0x00000000000f1f27       0xad ./Core/Src/SysClock.o
                                      0x9e290 (size before relaxing)
 .debug_str     0x00000000000f1fd4       0xfb ./Core/Src/UART.o
                                      0x9e331 (size before relaxing)
 .debug_str     0x00000000000f20cf       0xd4 ./Core/Src/adc_demo.o
                                      0xf1bb6 (size before relaxing)
 .debug_str     0x00000000000f21a3     0x3e52 ./Core/Src/commandHandler.o
                                       0x73ad (size before relaxing)
 .debug_str     0x00000000000f5ff5       0xff ./Core/Src/commands.o
                                      0xf1c32 (size before relaxing)
 .debug_str     0x00000000000f60f4      0x483 ./Core/Src/dac.o
                                      0xf2286 (size before relaxing)
 .debug_str     0x00000000000f6577       0x91 ./Core/Src/demo.o
                                      0xf59b6 (size before relaxing)
 .debug_str     0x00000000000f6608       0x45 ./Core/Src/inputHandler.o
                                      0xf4c1a (size before relaxing)